<html>
<body>
<pre>
<h1>µVision Build Log</h1>
<h2>Project:</h2>
E:\Tung\BKWAR\STM32F10x\STM32F103C8\9_BKWar_v1.0\9_BKWar_v1.0.uvproj
Project File Date:  11/11/2013

<h2>Output:</h2>
Build target '9_BKWar_v1.0'
assembling startup_stm32f10x_md.s...
compiling stm32f10x_it.c...
compiling main.c...
User\main.c(36): warning:  #177-D: variable "i" was declared but never referenced
User\main.c(36): warning:  #177-D: variable "j" was declared but never referenced
compiling system_stm32f10x.c...
compiling misc.c...
compiling stm32f10x_gpio.c...
compiling stm32f10x_rcc.c...
compiling stm32f10x_tim.c...
compiling stm32f10x_usart.c...
compiling stm32f10x_spi.c...
compiling stm32f10x_dma.c...
compiling stm32f10x_pwr.c...
compiling stm32f10x_rtc.c...
compiling stm32f10x_bkp.c...
compiling stm32f10x_can.c...
compiling mcu_board.c...
..\DevLib\mcu_board.c(266): warning:  #177-D: variable "DMA_InitStructure" was declared but never referenced
..\DevLib\mcu_board.c(937): warning:  #177-D: variable "SPI_InitStructure" was declared but never referenced
compiling sdcard.c...
..\DevLib\sdcard.c(773): warning:  #128-D: loop is not reachable
..\DevLib\sdcard.c(843): warning:  #177-D: variable "SPI_GPIO_InitStructure" was declared but never referenced
..\DevLib\sdcard.c(845): warning:  #177-D: variable "NVIC_InitStruct" was declared but never referenced
..\DevLib\sdcard.c(846): warning:  #177-D: variable "DmaSPI2TxStruct" was declared but never referenced
compiling utility.c...
compiling valve.c...
compiling war.c...
linking...
Program Size: Code=13684 RO-data=368 RW-data=100 ZI-data=2124  
FromELF: creating hex file...
".\Obj\9_BKWar_v1.0.axf" - 0 Error(s), 8 Warning(s).
