ARM Linker, 5.02 [Build 28] [MDK-ARM Standard]

==============================================================================

Section Cross References

    startup_stm32f10x_md.o(RESET) refers to startup_stm32f10x_md.o(STACK) for __initial_sp
    startup_stm32f10x_md.o(RESET) refers to startup_stm32f10x_md.o(.text) for Reset_Handler
    startup_stm32f10x_md.o(RESET) refers to stm32f10x_it.o(.text) for NMI_Handler
    startup_stm32f10x_md.o(RESET) refers to mcu_board.o(.text) for SysTick_Handler
    startup_stm32f10x_md.o(.text) refers to system_stm32f10x.o(.text) for SystemInit
    startup_stm32f10x_md.o(.text) refers to entry.o(.ARM.Collect$$$$00000000) for __main
    main.o(.text) refers to mcu_board.o(.text) for MCU_BOARD_Init
    main.o(.text) refers to valve.o(.text) for VALVE_Init
    main.o(.text) refers to com.o(.text) for COM_Init
    main.o(.text) refers to war.o(.text) for WAR_Test
    main.o(.text) refers to mem.o(.text) for MEM_Init
    main.o(.text) refers to diag.o(.text) for DIAG_Raise
    main.o(.text) refers to app.o(.text) for APP_BKPMode
    main.o(.text) refers to main.o(.data) for SystemState
    system_stm32f10x.o(.text) refers to system_stm32f10x.o(.data) for SystemCoreClock
    stm32f10x_gpio.o(.text) refers to stm32f10x_rcc.o(.text) for RCC_APB2PeriphResetCmd
    stm32f10x_rcc.o(.text) refers to stm32f10x_rcc.o(.data) for APBAHBPrescTable
    stm32f10x_tim.o(.text) refers to stm32f10x_rcc.o(.text) for RCC_APB2PeriphResetCmd
    stm32f10x_usart.o(.text) refers to stm32f10x_rcc.o(.text) for RCC_APB2PeriphResetCmd
    stm32f10x_spi.o(.text) refers to stm32f10x_rcc.o(.text) for RCC_APB2PeriphResetCmd
    stm32f10x_pwr.o(.text) refers to stm32f10x_rcc.o(.text) for RCC_APB1PeriphResetCmd
    stm32f10x_bkp.o(.text) refers to stm32f10x_rcc.o(.text) for RCC_BackupResetCmd
    stm32f10x_can.o(.text) refers to stm32f10x_rcc.o(.text) for RCC_APB1PeriphResetCmd
    mcu_board.o(.text) refers to stm32f10x_gpio.o(.text) for GPIO_Init
    mcu_board.o(.text) refers to stm32f10x_usart.o(.text) for USART_Init
    mcu_board.o(.text) refers to stm32f10x_dma.o(.text) for DMA_DeInit
    mcu_board.o(.text) refers to misc.o(.text) for NVIC_Init
    mcu_board.o(.text) refers to stm32f10x_rcc.o(.text) for RCC_APB2PeriphClockCmd
    mcu_board.o(.text) refers to sdcard.o(.text) for disk_timerproc
    mcu_board.o(.text) refers to mcu_board.o(.data) for TIM_REF_Tick
    mcu_board.o(.text) refers to mcu_board.o(.bss) for PC_USART_DMA_RxBuf
    mcu_board.o(.text) refers to system_stm32f10x.o(.data) for SystemCoreClock
    mcu_board.o(.text) refers to stm32f10x_spi.o(.text) for SPI_I2S_DeInit
    mcu_board.o(.text) refers to stm32f10x_bkp.o(.text) for BKP_WriteBackupRegister
    mcu_board.o(.text) refers to stm32f10x_rtc.o(.text) for RTC_SetCounter
    mcu_board.o(.text) refers to stm32f10x_pwr.o(.text) for PWR_BackupAccessCmd
    mcu_board.o(.text) refers to stm32f10x_can.o(.text) for CAN_DeInit
    sdcard.o(.text) refers to mcu_board.o(.text) for MSDC_SPI_RecvByte
    sdcard.o(.text) refers to sdcard.o(.data) for Timer1
    sdcard.o(.text) refers to sdcard.o(.bss) for CardConfig
    utility.o(.text) refers to memcpya.o(.text) for __aeabi_memcpy4
    utility.o(.text) refers to utility.o(.constdata) for .constdata
    utility.o(.constdata) refers to utility.o(.conststring) for .conststring
    valve.o(.text) refers to mcu_board.o(.text) for DRV_SPI_WriteBytes
    valve.o(.text) refers to valve.o(.bss) for VALVE_IData
    war.o(.text) refers to valve.o(.text) for VALVE_SWrite
    war.o(.text) refers to mcu_board.o(.text) for DRV_SPI_Do
    war.o(.text) refers to memcpya.o(.text) for __aeabi_memcpy4
    war.o(.text) refers to valve.o(.bss) for VALVE_IData
    war.o(.text) refers to war.o(.constdata) for .constdata
    war.o(.text) refers to war.o(.data) for WAR_DispList
    war.o(.data) refers to war.o(.text) for WAR_Disp_Num0
    com.o(.text) refers to stm32f10x_dma.o(.text) for DMA_Cmd
    com.o(.text) refers to mcu_board.o(.text) for PC_USART_WriteBytes
    com.o(.text) refers to mcu_board.o(.bss) for PC_USART_DMA_RxBuf
    com.o(.text) refers to com.o(.bss) for COM_Frame
    mem.o(.text) refers to sdcard.o(.text) for SD_Init
    mem.o(.text) refers to mcu_board.o(.text) for LED_PULSE_Toggle
    mem.o(.text) refers to war.o(.text) for WAR_DispImage
    mem.o(.text) refers to utility.o(.text) for Array2Uint32
    mem.o(.text) refers to mcu_board.o(.data) for tick_count
    mem.o(.text) refers to mem.o(.bss) for MEM_Struct
    mem.o(.text) refers to mem.o(.constdata) for .constdata
    app.o(.text) refers to mem.o(.text) for MEM_Read
    app.o(.text) refers to war.o(.text) for WAR_DispImage
    app.o(.text) refers to com.o(.text) for COM_BufferReset
    app.o(.text) refers to mem.o(.bss) for MEM_Buf
    app.o(.text) refers to com.o(.bss) for COM_Frame
    app.o(.text) refers to app.o(.data) for MasterPassword
    app.o(.text) refers to mcu_board.o(.data) for TIM_REF_Tick10ms
    app.o(.text) refers to war.o(.data) for WAR_DispList
    app.o(.data) refers to app.o(.conststring) for .conststring
    entry.o(.ARM.Collect$$$$00000000) refers (Special) to entry7b.o(.ARM.Collect$$$$00000008) for _main_clock
    entry.o(.ARM.Collect$$$$00000000) refers (Special) to entry8.o(.ARM.Collect$$$$00000009) for _main_init
    entry.o(.ARM.Collect$$$$00000000) refers (Special) to entry5.o(.ARM.Collect$$$$00000004) for _main_scatterload
    entry.o(.ARM.Collect$$$$00000000) refers (Special) to entry2.o(.ARM.Collect$$$$00000001) for _main_stk
    entry2.o(.ARM.Collect$$$$00000001) refers to entry2.o(.ARM.Collect$$$$00002712) for __lit__00000000
    entry2.o(.ARM.Collect$$$$00002712) refers to startup_stm32f10x_md.o(STACK) for __initial_sp
    entry2.o(__vectab_stack_and_reset_area) refers to startup_stm32f10x_md.o(STACK) for __initial_sp
    entry2.o(__vectab_stack_and_reset_area) refers to entry.o(.ARM.Collect$$$$00000000) for __main
    entry5.o(.ARM.Collect$$$$00000004) refers to init.o(.text) for __scatterload
    entry8.o(.ARM.Collect$$$$00000009) refers to main.o(.text) for main
    init.o(.text) refers to entry5.o(.ARM.Collect$$$$00000004) for __main_after_scatterload


==============================================================================

Removing Unused input sections from the image.

    Removing startup_stm32f10x_md.o(HEAP), (512 bytes).
    Removing stm32f10x_it.o(.rev16_text), (4 bytes).
    Removing stm32f10x_it.o(.revsh_text), (4 bytes).
    Removing stm32f10x_it.o(.data), (4 bytes).
    Removing main.o(.rev16_text), (4 bytes).
    Removing main.o(.revsh_text), (4 bytes).
    Removing system_stm32f10x.o(.rev16_text), (4 bytes).
    Removing system_stm32f10x.o(.revsh_text), (4 bytes).
    Removing misc.o(.rev16_text), (4 bytes).
    Removing misc.o(.revsh_text), (4 bytes).
    Removing stm32f10x_gpio.o(.rev16_text), (4 bytes).
    Removing stm32f10x_gpio.o(.revsh_text), (4 bytes).
    Removing stm32f10x_rcc.o(.rev16_text), (4 bytes).
    Removing stm32f10x_rcc.o(.revsh_text), (4 bytes).
    Removing stm32f10x_tim.o(.rev16_text), (4 bytes).
    Removing stm32f10x_tim.o(.revsh_text), (4 bytes).
    Removing stm32f10x_tim.o(.text), (3610 bytes).
    Removing stm32f10x_usart.o(.rev16_text), (4 bytes).
    Removing stm32f10x_usart.o(.revsh_text), (4 bytes).
    Removing stm32f10x_spi.o(.rev16_text), (4 bytes).
    Removing stm32f10x_spi.o(.revsh_text), (4 bytes).
    Removing stm32f10x_dma.o(.rev16_text), (4 bytes).
    Removing stm32f10x_dma.o(.revsh_text), (4 bytes).
    Removing stm32f10x_pwr.o(.rev16_text), (4 bytes).
    Removing stm32f10x_pwr.o(.revsh_text), (4 bytes).
    Removing stm32f10x_rtc.o(.rev16_text), (4 bytes).
    Removing stm32f10x_rtc.o(.revsh_text), (4 bytes).
    Removing stm32f10x_bkp.o(.rev16_text), (4 bytes).
    Removing stm32f10x_bkp.o(.revsh_text), (4 bytes).
    Removing stm32f10x_can.o(.rev16_text), (4 bytes).
    Removing stm32f10x_can.o(.revsh_text), (4 bytes).
    Removing mcu_board.o(.rev16_text), (4 bytes).
    Removing mcu_board.o(.revsh_text), (4 bytes).
    Removing sdcard.o(.rev16_text), (4 bytes).
    Removing sdcard.o(.revsh_text), (4 bytes).
    Removing valve.o(.rev16_text), (4 bytes).
    Removing valve.o(.revsh_text), (4 bytes).
    Removing war.o(.rev16_text), (4 bytes).
    Removing war.o(.revsh_text), (4 bytes).
    Removing com.o(.rev16_text), (4 bytes).
    Removing com.o(.revsh_text), (4 bytes).
    Removing diag.o(.rev16_text), (4 bytes).
    Removing diag.o(.revsh_text), (4 bytes).
    Removing mem.o(.rev16_text), (4 bytes).
    Removing mem.o(.revsh_text), (4 bytes).
    Removing app.o(.rev16_text), (4 bytes).
    Removing app.o(.revsh_text), (4 bytes).

47 unused section(s) (total 4302 bytes) removed from the image.

==============================================================================

Image Symbol Table

    Local Symbols

    Symbol Name                              Value     Ov Type        Size  Object(Section)

    ../clib/microlib/init/entry.s            0x00000000   Number         0  entry2.o ABSOLUTE
    ../clib/microlib/init/entry.s            0x00000000   Number         0  entry7b.o ABSOLUTE
    ../clib/microlib/init/entry.s            0x00000000   Number         0  entry.o ABSOLUTE
    ../clib/microlib/init/entry.s            0x00000000   Number         0  entry7a.o ABSOLUTE
    ../clib/microlib/init/entry.s            0x00000000   Number         0  entry5.o ABSOLUTE
    ../clib/microlib/init/entry.s            0x00000000   Number         0  entry8.o ABSOLUTE
    ../clib/microlib/string/memcpy.c         0x00000000   Number         0  memcpya.o ABSOLUTE
    ../clib/microlib/string/memcpy.c         0x00000000   Number         0  memcpyb.o ABSOLUTE
    ..\App\app.c                             0x00000000   Number         0  app.o ABSOLUTE
    ..\DevLib\mcu_board.c                    0x00000000   Number         0  mcu_board.o ABSOLUTE
    ..\DevLib\sdcard.c                       0x00000000   Number         0  sdcard.o ABSOLUTE
    ..\DevLib\utility.c                      0x00000000   Number         0  utility.o ABSOLUTE
    ..\DevLib\valve.c                        0x00000000   Number         0  valve.o ABSOLUTE
    ..\STM32\system_stm32f10x.c              0x00000000   Number         0  system_stm32f10x.o ABSOLUTE
    ..\Startup\arm\startup_stm32f10x_md.s    0x00000000   Number         0  startup_stm32f10x_md.o ABSOLUTE
    ..\StdPeriphLib\src\misc.c               0x00000000   Number         0  misc.o ABSOLUTE
    ..\StdPeriphLib\src\stm32f10x_bkp.c      0x00000000   Number         0  stm32f10x_bkp.o ABSOLUTE
    ..\StdPeriphLib\src\stm32f10x_can.c      0x00000000   Number         0  stm32f10x_can.o ABSOLUTE
    ..\StdPeriphLib\src\stm32f10x_dma.c      0x00000000   Number         0  stm32f10x_dma.o ABSOLUTE
    ..\StdPeriphLib\src\stm32f10x_gpio.c     0x00000000   Number         0  stm32f10x_gpio.o ABSOLUTE
    ..\StdPeriphLib\src\stm32f10x_pwr.c      0x00000000   Number         0  stm32f10x_pwr.o ABSOLUTE
    ..\StdPeriphLib\src\stm32f10x_rcc.c      0x00000000   Number         0  stm32f10x_rcc.o ABSOLUTE
    ..\StdPeriphLib\src\stm32f10x_rtc.c      0x00000000   Number         0  stm32f10x_rtc.o ABSOLUTE
    ..\StdPeriphLib\src\stm32f10x_spi.c      0x00000000   Number         0  stm32f10x_spi.o ABSOLUTE
    ..\StdPeriphLib\src\stm32f10x_tim.c      0x00000000   Number         0  stm32f10x_tim.o ABSOLUTE
    ..\StdPeriphLib\src\stm32f10x_usart.c    0x00000000   Number         0  stm32f10x_usart.o ABSOLUTE
    ..\War\com.c                             0x00000000   Number         0  com.o ABSOLUTE
    ..\War\diag.c                            0x00000000   Number         0  diag.o ABSOLUTE
    ..\War\mem.c                             0x00000000   Number         0  mem.o ABSOLUTE
    ..\War\war.c                             0x00000000   Number         0  war.o ABSOLUTE
    ..\\App\\app.c                           0x00000000   Number         0  app.o ABSOLUTE
    ..\\DevLib\\mcu_board.c                  0x00000000   Number         0  mcu_board.o ABSOLUTE
    ..\\DevLib\\sdcard.c                     0x00000000   Number         0  sdcard.o ABSOLUTE
    ..\\DevLib\\valve.c                      0x00000000   Number         0  valve.o ABSOLUTE
    ..\\STM32\\system_stm32f10x.c            0x00000000   Number         0  system_stm32f10x.o ABSOLUTE
    ..\\StdPeriphLib\\src\\misc.c            0x00000000   Number         0  misc.o ABSOLUTE
    ..\\StdPeriphLib\\src\\stm32f10x_bkp.c   0x00000000   Number         0  stm32f10x_bkp.o ABSOLUTE
    ..\\StdPeriphLib\\src\\stm32f10x_can.c   0x00000000   Number         0  stm32f10x_can.o ABSOLUTE
    ..\\StdPeriphLib\\src\\stm32f10x_dma.c   0x00000000   Number         0  stm32f10x_dma.o ABSOLUTE
    ..\\StdPeriphLib\\src\\stm32f10x_gpio.c  0x00000000   Number         0  stm32f10x_gpio.o ABSOLUTE
    ..\\StdPeriphLib\\src\\stm32f10x_pwr.c   0x00000000   Number         0  stm32f10x_pwr.o ABSOLUTE
    ..\\StdPeriphLib\\src\\stm32f10x_rcc.c   0x00000000   Number         0  stm32f10x_rcc.o ABSOLUTE
    ..\\StdPeriphLib\\src\\stm32f10x_rtc.c   0x00000000   Number         0  stm32f10x_rtc.o ABSOLUTE
    ..\\StdPeriphLib\\src\\stm32f10x_spi.c   0x00000000   Number         0  stm32f10x_spi.o ABSOLUTE
    ..\\StdPeriphLib\\src\\stm32f10x_tim.c   0x00000000   Number         0  stm32f10x_tim.o ABSOLUTE
    ..\\StdPeriphLib\\src\\stm32f10x_usart.c 0x00000000   Number         0  stm32f10x_usart.o ABSOLUTE
    ..\\War\\com.c                           0x00000000   Number         0  com.o ABSOLUTE
    ..\\War\\diag.c                          0x00000000   Number         0  diag.o ABSOLUTE
    ..\\War\\mem.c                           0x00000000   Number         0  mem.o ABSOLUTE
    ..\\War\\war.c                           0x00000000   Number         0  war.o ABSOLUTE
    User\\main.c                             0x00000000   Number         0  main.o ABSOLUTE
    User\\stm32f10x_it.c                     0x00000000   Number         0  stm32f10x_it.o ABSOLUTE
    User\main.c                              0x00000000   Number         0  main.o ABSOLUTE
    User\stm32f10x_it.c                      0x00000000   Number         0  stm32f10x_it.o ABSOLUTE
    dc.s                                     0x00000000   Number         0  dc.o ABSOLUTE
    handlers.s                               0x00000000   Number         0  handlers.o ABSOLUTE
    init.s                                   0x00000000   Number         0  init.o ABSOLUTE
    RESET                                    0x08000000   Section      236  startup_stm32f10x_md.o(RESET)
    .ARM.Collect$$$$00000000                 0x080000ec   Section        0  entry.o(.ARM.Collect$$$$00000000)
    .ARM.Collect$$$$00000001                 0x080000ec   Section        4  entry2.o(.ARM.Collect$$$$00000001)
    .ARM.Collect$$$$00000004                 0x080000f0   Section        4  entry5.o(.ARM.Collect$$$$00000004)
    .ARM.Collect$$$$00000008                 0x080000f4   Section        0  entry7b.o(.ARM.Collect$$$$00000008)
    .ARM.Collect$$$$00000009                 0x080000f4   Section        8  entry8.o(.ARM.Collect$$$$00000009)
    .ARM.Collect$$$$00002712                 0x080000fc   Section        4  entry2.o(.ARM.Collect$$$$00002712)
    __lit__00000000                          0x080000fc   Data           4  entry2.o(.ARM.Collect$$$$00002712)
    .text                                    0x08000100   Section       36  startup_stm32f10x_md.o(.text)
    .text                                    0x08000124   Section        0  stm32f10x_it.o(.text)
    .text                                    0x0800013c   Section        0  main.o(.text)
    .text                                    0x08000238   Section        0  system_stm32f10x.o(.text)
    SetSysClockTo72                          0x08000239   Thumb Code   192  system_stm32f10x.o(.text)
    SetSysClock                              0x080002f9   Thumb Code     8  system_stm32f10x.o(.text)
    .text                                    0x08000404   Section        0  misc.o(.text)
    .text                                    0x080004e0   Section        0  stm32f10x_gpio.o(.text)
    .text                                    0x08000838   Section        0  stm32f10x_rcc.o(.text)
    .text                                    0x08000bd8   Section        0  stm32f10x_usart.o(.text)
    .text                                    0x08000fe0   Section        0  stm32f10x_spi.o(.text)
    .text                                    0x080012ec   Section        0  stm32f10x_dma.o(.text)
    .text                                    0x0800153c   Section        0  stm32f10x_pwr.o(.text)
    .text                                    0x08001608   Section        0  stm32f10x_rtc.o(.text)
    .text                                    0x0800174c   Section        0  stm32f10x_bkp.o(.text)
    .text                                    0x080017f8   Section        0  stm32f10x_can.o(.text)
    CheckITStatus                            0x08001ffb   Thumb Code    16  stm32f10x_can.o(.text)
    .text                                    0x080021e4   Section        0  mcu_board.o(.text)
    .text                                    0x08002dac   Section        0  sdcard.o(.text)
    .text                                    0x08003384   Section        0  utility.o(.text)
    .text                                    0x080035b4   Section        0  valve.o(.text)
    .text                                    0x080036b4   Section        0  war.o(.text)
    .text                                    0x08003d24   Section        0  com.o(.text)
    .text                                    0x08003e5c   Section        0  diag.o(.text)
    .text                                    0x08003e60   Section        0  mem.o(.text)
    .text                                    0x08004220   Section        0  app.o(.text)
    .text                                    0x08004540   Section        0  memcpya.o(.text)
    .text                                    0x08004564   Section       36  init.o(.text)
    i.__scatterload_copy                     0x08004588   Section       14  handlers.o(i.__scatterload_copy)
    i.__scatterload_null                     0x08004596   Section        2  handlers.o(i.__scatterload_null)
    i.__scatterload_zeroinit                 0x08004598   Section       14  handlers.o(i.__scatterload_zeroinit)
    .constdata                               0x080045a8   Section       28  utility.o(.constdata)
    .constdata                               0x080045c4   Section    18753  war.o(.constdata)
    .constdata                               0x08008f08   Section        4  mem.o(.constdata)
    .conststring                             0x08008f0c   Section       28  utility.o(.conststring)
    .conststring                             0x08008f28   Section        5  app.o(.conststring)
    .data                                    0x20000000   Section        2  main.o(.data)
    .data                                    0x20000004   Section       20  system_stm32f10x.o(.data)
    .data                                    0x20000018   Section       20  stm32f10x_rcc.o(.data)
    APBAHBPrescTable                         0x20000018   Data          16  stm32f10x_rcc.o(.data)
    ADCPrescTable                            0x20000028   Data           4  stm32f10x_rcc.o(.data)
    .data                                    0x2000002c   Section       35  mcu_board.o(.data)
    count10ms                                0x20000040   Data           4  mcu_board.o(.data)
    count500ms                               0x20000044   Data           4  mcu_board.o(.data)
    .data                                    0x20000050   Section       12  sdcard.o(.data)
    Timer1                                   0x20000054   Data           4  sdcard.o(.data)
    Timer2                                   0x20000058   Data           4  sdcard.o(.data)
    .data                                    0x2000005c   Section       80  war.o(.data)
    .data                                    0x200000ac   Section        5  app.o(.data)
    ind                                      0x200000b0   Data           1  app.o(.data)
    .bss                                     0x200000b4   Section     1000  mcu_board.o(.bss)
    .bss                                     0x2000049c   Section       48  sdcard.o(.bss)
    .bss                                     0x200004cc   Section       33  valve.o(.bss)
    .bss                                     0x200004f0   Section       12  com.o(.bss)
    .bss                                     0x200004fc   Section      556  mem.o(.bss)
    STACK                                    0x20000728   Section    11000  startup_stm32f10x_md.o(STACK)

    Global Symbols

    Symbol Name                              Value     Ov Type        Size  Object(Section)

    BuildAttributes$$THM_ISAv4$P$D$K$B$S$PE$A:L22UL41UL21$X:L11$S22US41US21$IEEE1$IW$USESV6$~STKCKD$USESV7$~SHL$OSPACE$EBA8$MICROLIB$REQ8$PRES8$EABIv2 0x00000000   Number         0  anon$$obj.o ABSOLUTE
    __ARM_use_no_argv                        0x00000000   Number         0  main.o ABSOLUTE
    __decompress                              - Undefined Weak Reference
    _clock_init                               - Undefined Weak Reference
    __Vectors_Size                           0x000000ec   Number         0  startup_stm32f10x_md.o ABSOLUTE
    __Vectors                                0x08000000   Data           4  startup_stm32f10x_md.o(RESET)
    __Vectors_End                            0x080000ec   Data           0  startup_stm32f10x_md.o(RESET)
    __main                                   0x080000ed   Thumb Code     0  entry.o(.ARM.Collect$$$$00000000)
    _main_stk                                0x080000ed   Thumb Code     0  entry2.o(.ARM.Collect$$$$00000001)
    _main_scatterload                        0x080000f1   Thumb Code     0  entry5.o(.ARM.Collect$$$$00000004)
    __main_after_scatterload                 0x080000f5   Thumb Code     0  entry5.o(.ARM.Collect$$$$00000004)
    _main_clock                              0x080000f5   Thumb Code     0  entry7b.o(.ARM.Collect$$$$00000008)
    _main_init                               0x080000f5   Thumb Code     0  entry8.o(.ARM.Collect$$$$00000009)
    Reset_Handler                            0x08000101   Thumb Code     8  startup_stm32f10x_md.o(.text)
    ADC1_2_IRQHandler                        0x0800011b   Thumb Code     0  startup_stm32f10x_md.o(.text)
    CAN1_RX1_IRQHandler                      0x0800011b   Thumb Code     0  startup_stm32f10x_md.o(.text)
    CAN1_SCE_IRQHandler                      0x0800011b   Thumb Code     0  startup_stm32f10x_md.o(.text)
    DMA1_Channel1_IRQHandler                 0x0800011b   Thumb Code     0  startup_stm32f10x_md.o(.text)
    DMA1_Channel2_IRQHandler                 0x0800011b   Thumb Code     0  startup_stm32f10x_md.o(.text)
    DMA1_Channel3_IRQHandler                 0x0800011b   Thumb Code     0  startup_stm32f10x_md.o(.text)
    DMA1_Channel6_IRQHandler                 0x0800011b   Thumb Code     0  startup_stm32f10x_md.o(.text)
    DMA1_Channel7_IRQHandler                 0x0800011b   Thumb Code     0  startup_stm32f10x_md.o(.text)
    EXTI0_IRQHandler                         0x0800011b   Thumb Code     0  startup_stm32f10x_md.o(.text)
    EXTI15_10_IRQHandler                     0x0800011b   Thumb Code     0  startup_stm32f10x_md.o(.text)
    EXTI1_IRQHandler                         0x0800011b   Thumb Code     0  startup_stm32f10x_md.o(.text)
    EXTI2_IRQHandler                         0x0800011b   Thumb Code     0  startup_stm32f10x_md.o(.text)
    EXTI3_IRQHandler                         0x0800011b   Thumb Code     0  startup_stm32f10x_md.o(.text)
    EXTI4_IRQHandler                         0x0800011b   Thumb Code     0  startup_stm32f10x_md.o(.text)
    EXTI9_5_IRQHandler                       0x0800011b   Thumb Code     0  startup_stm32f10x_md.o(.text)
    FLASH_IRQHandler                         0x0800011b   Thumb Code     0  startup_stm32f10x_md.o(.text)
    I2C1_ER_IRQHandler                       0x0800011b   Thumb Code     0  startup_stm32f10x_md.o(.text)
    I2C1_EV_IRQHandler                       0x0800011b   Thumb Code     0  startup_stm32f10x_md.o(.text)
    I2C2_ER_IRQHandler                       0x0800011b   Thumb Code     0  startup_stm32f10x_md.o(.text)
    I2C2_EV_IRQHandler                       0x0800011b   Thumb Code     0  startup_stm32f10x_md.o(.text)
    PVD_IRQHandler                           0x0800011b   Thumb Code     0  startup_stm32f10x_md.o(.text)
    RCC_IRQHandler                           0x0800011b   Thumb Code     0  startup_stm32f10x_md.o(.text)
    RTCAlarm_IRQHandler                      0x0800011b   Thumb Code     0  startup_stm32f10x_md.o(.text)
    SPI1_IRQHandler                          0x0800011b   Thumb Code     0  startup_stm32f10x_md.o(.text)
    SPI2_IRQHandler                          0x0800011b   Thumb Code     0  startup_stm32f10x_md.o(.text)
    TAMPER_IRQHandler                        0x0800011b   Thumb Code     0  startup_stm32f10x_md.o(.text)
    TIM1_BRK_IRQHandler                      0x0800011b   Thumb Code     0  startup_stm32f10x_md.o(.text)
    TIM1_CC_IRQHandler                       0x0800011b   Thumb Code     0  startup_stm32f10x_md.o(.text)
    TIM1_TRG_COM_IRQHandler                  0x0800011b   Thumb Code     0  startup_stm32f10x_md.o(.text)
    TIM1_UP_IRQHandler                       0x0800011b   Thumb Code     0  startup_stm32f10x_md.o(.text)
    TIM2_IRQHandler                          0x0800011b   Thumb Code     0  startup_stm32f10x_md.o(.text)
    TIM3_IRQHandler                          0x0800011b   Thumb Code     0  startup_stm32f10x_md.o(.text)
    TIM4_IRQHandler                          0x0800011b   Thumb Code     0  startup_stm32f10x_md.o(.text)
    USART1_IRQHandler                        0x0800011b   Thumb Code     0  startup_stm32f10x_md.o(.text)
    USART2_IRQHandler                        0x0800011b   Thumb Code     0  startup_stm32f10x_md.o(.text)
    USART3_IRQHandler                        0x0800011b   Thumb Code     0  startup_stm32f10x_md.o(.text)
    USBWakeUp_IRQHandler                     0x0800011b   Thumb Code     0  startup_stm32f10x_md.o(.text)
    USB_HP_CAN1_TX_IRQHandler                0x0800011b   Thumb Code     0  startup_stm32f10x_md.o(.text)
    WWDG_IRQHandler                          0x0800011b   Thumb Code     0  startup_stm32f10x_md.o(.text)
    NMI_Handler                              0x08000125   Thumb Code     2  stm32f10x_it.o(.text)
    HardFault_Handler                        0x08000127   Thumb Code     4  stm32f10x_it.o(.text)
    MemManage_Handler                        0x0800012b   Thumb Code     4  stm32f10x_it.o(.text)
    BusFault_Handler                         0x0800012f   Thumb Code     4  stm32f10x_it.o(.text)
    UsageFault_Handler                       0x08000133   Thumb Code     4  stm32f10x_it.o(.text)
    SVC_Handler                              0x08000137   Thumb Code     2  stm32f10x_it.o(.text)
    DebugMon_Handler                         0x08000139   Thumb Code     2  stm32f10x_it.o(.text)
    PendSV_Handler                           0x0800013b   Thumb Code     2  stm32f10x_it.o(.text)
    main                                     0x0800013d   Thumb Code   244  main.o(.text)
    SystemInit                               0x08000301   Thumb Code    78  system_stm32f10x.o(.text)
    SystemCoreClockUpdate                    0x0800034f   Thumb Code   142  system_stm32f10x.o(.text)
    NVIC_PriorityGroupConfig                 0x08000405   Thumb Code    10  misc.o(.text)
    NVIC_Init                                0x0800040f   Thumb Code   102  misc.o(.text)
    NVIC_SetVectorTable                      0x08000475   Thumb Code    14  misc.o(.text)
    NVIC_SystemLPConfig                      0x08000483   Thumb Code    34  misc.o(.text)
    SysTick_CLKSourceConfig                  0x080004a5   Thumb Code    40  misc.o(.text)
    GPIO_DeInit                              0x080004e1   Thumb Code   172  stm32f10x_gpio.o(.text)
    GPIO_AFIODeInit                          0x0800058d   Thumb Code    20  stm32f10x_gpio.o(.text)
    GPIO_Init                                0x080005a1   Thumb Code   274  stm32f10x_gpio.o(.text)
    GPIO_StructInit                          0x080006b3   Thumb Code    16  stm32f10x_gpio.o(.text)
    GPIO_ReadInputDataBit                    0x080006c3   Thumb Code    18  stm32f10x_gpio.o(.text)
    GPIO_ReadInputData                       0x080006d5   Thumb Code     8  stm32f10x_gpio.o(.text)
    GPIO_ReadOutputDataBit                   0x080006dd   Thumb Code    18  stm32f10x_gpio.o(.text)
    GPIO_ReadOutputData                      0x080006ef   Thumb Code     8  stm32f10x_gpio.o(.text)
    GPIO_SetBits                             0x080006f7   Thumb Code     4  stm32f10x_gpio.o(.text)
    GPIO_ResetBits                           0x080006fb   Thumb Code     4  stm32f10x_gpio.o(.text)
    GPIO_WriteBit                            0x080006ff   Thumb Code    10  stm32f10x_gpio.o(.text)
    GPIO_Write                               0x08000709   Thumb Code     4  stm32f10x_gpio.o(.text)
    GPIO_PinLockConfig                       0x0800070d   Thumb Code    18  stm32f10x_gpio.o(.text)
    GPIO_EventOutputConfig                   0x0800071f   Thumb Code    26  stm32f10x_gpio.o(.text)
    GPIO_EventOutputCmd                      0x08000739   Thumb Code     6  stm32f10x_gpio.o(.text)
    GPIO_PinRemapConfig                      0x0800073f   Thumb Code   138  stm32f10x_gpio.o(.text)
    GPIO_EXTILineConfig                      0x080007c9   Thumb Code    66  stm32f10x_gpio.o(.text)
    GPIO_ETH_MediaInterfaceConfig            0x0800080b   Thumb Code     6  stm32f10x_gpio.o(.text)
    RCC_DeInit                               0x08000839   Thumb Code    64  stm32f10x_rcc.o(.text)
    RCC_HSEConfig                            0x08000879   Thumb Code    70  stm32f10x_rcc.o(.text)
    RCC_GetFlagStatus                        0x080008bf   Thumb Code    56  stm32f10x_rcc.o(.text)
    RCC_WaitForHSEStartUp                    0x080008f7   Thumb Code    48  stm32f10x_rcc.o(.text)
    RCC_AdjustHSICalibrationValue            0x08000927   Thumb Code    20  stm32f10x_rcc.o(.text)
    RCC_HSICmd                               0x0800093b   Thumb Code     6  stm32f10x_rcc.o(.text)
    RCC_PLLConfig                            0x08000941   Thumb Code    24  stm32f10x_rcc.o(.text)
    RCC_PLLCmd                               0x08000959   Thumb Code     6  stm32f10x_rcc.o(.text)
    RCC_SYSCLKConfig                         0x0800095f   Thumb Code    18  stm32f10x_rcc.o(.text)
    RCC_GetSYSCLKSource                      0x08000971   Thumb Code    10  stm32f10x_rcc.o(.text)
    RCC_HCLKConfig                           0x0800097b   Thumb Code    18  stm32f10x_rcc.o(.text)
    RCC_PCLK1Config                          0x0800098d   Thumb Code    18  stm32f10x_rcc.o(.text)
    RCC_PCLK2Config                          0x0800099f   Thumb Code    20  stm32f10x_rcc.o(.text)
    RCC_ITConfig                             0x080009b3   Thumb Code    26  stm32f10x_rcc.o(.text)
    RCC_USBCLKConfig                         0x080009cd   Thumb Code     6  stm32f10x_rcc.o(.text)
    RCC_ADCCLKConfig                         0x080009d3   Thumb Code    18  stm32f10x_rcc.o(.text)
    RCC_LSEConfig                            0x080009e5   Thumb Code    44  stm32f10x_rcc.o(.text)
    RCC_LSICmd                               0x08000a11   Thumb Code     6  stm32f10x_rcc.o(.text)
    RCC_RTCCLKConfig                         0x08000a17   Thumb Code    12  stm32f10x_rcc.o(.text)
    RCC_RTCCLKCmd                            0x08000a23   Thumb Code     8  stm32f10x_rcc.o(.text)
    RCC_GetClocksFreq                        0x08000a2b   Thumb Code   192  stm32f10x_rcc.o(.text)
    RCC_AHBPeriphClockCmd                    0x08000aeb   Thumb Code    26  stm32f10x_rcc.o(.text)
    RCC_APB2PeriphClockCmd                   0x08000b05   Thumb Code    26  stm32f10x_rcc.o(.text)
    RCC_APB1PeriphClockCmd                   0x08000b1f   Thumb Code    26  stm32f10x_rcc.o(.text)
    RCC_APB2PeriphResetCmd                   0x08000b39   Thumb Code    26  stm32f10x_rcc.o(.text)
    RCC_APB1PeriphResetCmd                   0x08000b53   Thumb Code    26  stm32f10x_rcc.o(.text)
    RCC_BackupResetCmd                       0x08000b6d   Thumb Code     8  stm32f10x_rcc.o(.text)
    RCC_ClockSecuritySystemCmd               0x08000b75   Thumb Code     6  stm32f10x_rcc.o(.text)
    RCC_MCOConfig                            0x08000b7b   Thumb Code     6  stm32f10x_rcc.o(.text)
    RCC_ClearFlag                            0x08000b81   Thumb Code    14  stm32f10x_rcc.o(.text)
    RCC_GetITStatus                          0x08000b8f   Thumb Code    20  stm32f10x_rcc.o(.text)
    RCC_ClearITPendingBit                    0x08000ba3   Thumb Code     6  stm32f10x_rcc.o(.text)
    USART_DeInit                             0x08000bd9   Thumb Code   134  stm32f10x_usart.o(.text)
    USART_Init                               0x08000c5f   Thumb Code   210  stm32f10x_usart.o(.text)
    USART_StructInit                         0x08000d31   Thumb Code    24  stm32f10x_usart.o(.text)
    USART_ClockInit                          0x08000d49   Thumb Code    34  stm32f10x_usart.o(.text)
    USART_ClockStructInit                    0x08000d6b   Thumb Code    12  stm32f10x_usart.o(.text)
    USART_Cmd                                0x08000d77   Thumb Code    24  stm32f10x_usart.o(.text)
    USART_ITConfig                           0x08000d8f   Thumb Code    74  stm32f10x_usart.o(.text)
    USART_DMACmd                             0x08000dd9   Thumb Code    18  stm32f10x_usart.o(.text)
    USART_SetAddress                         0x08000deb   Thumb Code    18  stm32f10x_usart.o(.text)
    USART_WakeUpConfig                       0x08000dfd   Thumb Code    18  stm32f10x_usart.o(.text)
    USART_ReceiverWakeUpCmd                  0x08000e0f   Thumb Code    24  stm32f10x_usart.o(.text)
    USART_LINBreakDetectLengthConfig         0x08000e27   Thumb Code    18  stm32f10x_usart.o(.text)
    USART_LINCmd                             0x08000e39   Thumb Code    24  stm32f10x_usart.o(.text)
    USART_SendData                           0x08000e51   Thumb Code     8  stm32f10x_usart.o(.text)
    USART_ReceiveData                        0x08000e59   Thumb Code    10  stm32f10x_usart.o(.text)
    USART_SendBreak                          0x08000e63   Thumb Code    10  stm32f10x_usart.o(.text)
    USART_SetGuardTime                       0x08000e6d   Thumb Code    16  stm32f10x_usart.o(.text)
    USART_SetPrescaler                       0x08000e7d   Thumb Code    16  stm32f10x_usart.o(.text)
    USART_SmartCardCmd                       0x08000e8d   Thumb Code    24  stm32f10x_usart.o(.text)
    USART_SmartCardNACKCmd                   0x08000ea5   Thumb Code    24  stm32f10x_usart.o(.text)
    USART_HalfDuplexCmd                      0x08000ebd   Thumb Code    24  stm32f10x_usart.o(.text)
    USART_OverSampling8Cmd                   0x08000ed5   Thumb Code    22  stm32f10x_usart.o(.text)
    USART_OneBitMethodCmd                    0x08000eeb   Thumb Code    24  stm32f10x_usart.o(.text)
    USART_IrDAConfig                         0x08000f03   Thumb Code    18  stm32f10x_usart.o(.text)
    USART_IrDACmd                            0x08000f15   Thumb Code    24  stm32f10x_usart.o(.text)
    USART_GetFlagStatus                      0x08000f2d   Thumb Code    26  stm32f10x_usart.o(.text)
    USART_ClearFlag                          0x08000f47   Thumb Code    18  stm32f10x_usart.o(.text)
    USART_GetITStatus                        0x08000f59   Thumb Code    84  stm32f10x_usart.o(.text)
    USART_ClearITPendingBit                  0x08000fad   Thumb Code    52  stm32f10x_usart.o(.text)
    SPI_I2S_DeInit                           0x08000fe1   Thumb Code    76  stm32f10x_spi.o(.text)
    SPI_Init                                 0x0800102d   Thumb Code    60  stm32f10x_spi.o(.text)
    I2S_Init                                 0x08001069   Thumb Code   226  stm32f10x_spi.o(.text)
    SPI_StructInit                           0x0800114b   Thumb Code    24  stm32f10x_spi.o(.text)
    I2S_StructInit                           0x08001163   Thumb Code    20  stm32f10x_spi.o(.text)
    SPI_Cmd                                  0x08001177   Thumb Code    24  stm32f10x_spi.o(.text)
    I2S_Cmd                                  0x0800118f   Thumb Code    24  stm32f10x_spi.o(.text)
    SPI_I2S_ITConfig                         0x080011a7   Thumb Code    32  stm32f10x_spi.o(.text)
    SPI_I2S_DMACmd                           0x080011c7   Thumb Code    18  stm32f10x_spi.o(.text)
    SPI_I2S_SendData                         0x080011d9   Thumb Code     4  stm32f10x_spi.o(.text)
    SPI_I2S_ReceiveData                      0x080011dd   Thumb Code     6  stm32f10x_spi.o(.text)
    SPI_NSSInternalSoftwareConfig            0x080011e3   Thumb Code    30  stm32f10x_spi.o(.text)
    SPI_SSOutputCmd                          0x08001201   Thumb Code    24  stm32f10x_spi.o(.text)
    SPI_DataSizeConfig                       0x08001219   Thumb Code    18  stm32f10x_spi.o(.text)
    SPI_TransmitCRC                          0x0800122b   Thumb Code    10  stm32f10x_spi.o(.text)
    SPI_CalculateCRC                         0x08001235   Thumb Code    24  stm32f10x_spi.o(.text)
    SPI_GetCRC                               0x0800124d   Thumb Code    16  stm32f10x_spi.o(.text)
    SPI_GetCRCPolynomial                     0x0800125d   Thumb Code     6  stm32f10x_spi.o(.text)
    SPI_BiDirectionalLineConfig              0x08001263   Thumb Code    28  stm32f10x_spi.o(.text)
    SPI_I2S_GetFlagStatus                    0x0800127f   Thumb Code    18  stm32f10x_spi.o(.text)
    SPI_I2S_ClearFlag                        0x08001291   Thumb Code     6  stm32f10x_spi.o(.text)
    SPI_I2S_GetITStatus                      0x08001297   Thumb Code    52  stm32f10x_spi.o(.text)
    SPI_I2S_ClearITPendingBit                0x080012cb   Thumb Code    20  stm32f10x_spi.o(.text)
    DMA_DeInit                               0x080012ed   Thumb Code   324  stm32f10x_dma.o(.text)
    DMA_Init                                 0x08001431   Thumb Code    60  stm32f10x_dma.o(.text)
    DMA_StructInit                           0x0800146d   Thumb Code    26  stm32f10x_dma.o(.text)
    DMA_Cmd                                  0x08001487   Thumb Code    24  stm32f10x_dma.o(.text)
    DMA_ITConfig                             0x0800149f   Thumb Code    18  stm32f10x_dma.o(.text)
    DMA_SetCurrDataCounter                   0x080014b1   Thumb Code     4  stm32f10x_dma.o(.text)
    DMA_GetCurrDataCounter                   0x080014b5   Thumb Code     8  stm32f10x_dma.o(.text)
    DMA_GetFlagStatus                        0x080014bd   Thumb Code    38  stm32f10x_dma.o(.text)
    DMA_ClearFlag                            0x080014e3   Thumb Code    22  stm32f10x_dma.o(.text)
    DMA_GetITStatus                          0x080014f9   Thumb Code    38  stm32f10x_dma.o(.text)
    DMA_ClearITPendingBit                    0x0800151f   Thumb Code    22  stm32f10x_dma.o(.text)
    PWR_DeInit                               0x0800153d   Thumb Code    22  stm32f10x_pwr.o(.text)
    PWR_BackupAccessCmd                      0x08001553   Thumb Code     6  stm32f10x_pwr.o(.text)
    PWR_PVDCmd                               0x08001559   Thumb Code     6  stm32f10x_pwr.o(.text)
    PWR_PVDLevelConfig                       0x0800155f   Thumb Code    18  stm32f10x_pwr.o(.text)
    PWR_WakeUpPinCmd                         0x08001571   Thumb Code     6  stm32f10x_pwr.o(.text)
    PWR_EnterSTOPMode                        0x08001577   Thumb Code    54  stm32f10x_pwr.o(.text)
    PWR_EnterSTANDBYMode                     0x080015ad   Thumb Code    42  stm32f10x_pwr.o(.text)
    PWR_GetFlagStatus                        0x080015d7   Thumb Code    20  stm32f10x_pwr.o(.text)
    PWR_ClearFlag                            0x080015eb   Thumb Code    14  stm32f10x_pwr.o(.text)
    RTC_ITConfig                             0x08001609   Thumb Code    26  stm32f10x_rtc.o(.text)
    RTC_EnterConfigMode                      0x08001623   Thumb Code    18  stm32f10x_rtc.o(.text)
    RTC_ExitConfigMode                       0x08001635   Thumb Code    20  stm32f10x_rtc.o(.text)
    RTC_GetCounter                           0x08001649   Thumb Code    18  stm32f10x_rtc.o(.text)
    RTC_SetCounter                           0x0800165b   Thumb Code    26  stm32f10x_rtc.o(.text)
    RTC_SetPrescaler                         0x08001675   Thumb Code    28  stm32f10x_rtc.o(.text)
    RTC_SetAlarm                             0x08001691   Thumb Code    26  stm32f10x_rtc.o(.text)
    RTC_GetDivider                           0x080016ab   Thumb Code    22  stm32f10x_rtc.o(.text)
    RTC_WaitForLastTask                      0x080016c1   Thumb Code    16  stm32f10x_rtc.o(.text)
    RTC_WaitForSynchro                       0x080016d1   Thumb Code    34  stm32f10x_rtc.o(.text)
    RTC_GetFlagStatus                        0x080016f3   Thumb Code    22  stm32f10x_rtc.o(.text)
    RTC_ClearFlag                            0x08001709   Thumb Code    16  stm32f10x_rtc.o(.text)
    RTC_GetITStatus                          0x08001719   Thumb Code    32  stm32f10x_rtc.o(.text)
    RTC_ClearITPendingBit                    0x08001739   Thumb Code    16  stm32f10x_rtc.o(.text)
    BKP_DeInit                               0x0800174d   Thumb Code    16  stm32f10x_bkp.o(.text)
    BKP_TamperPinLevelConfig                 0x0800175d   Thumb Code     6  stm32f10x_bkp.o(.text)
    BKP_TamperPinCmd                         0x08001763   Thumb Code     8  stm32f10x_bkp.o(.text)
    BKP_ITConfig                             0x0800176b   Thumb Code     8  stm32f10x_bkp.o(.text)
    BKP_RTCOutputConfig                      0x08001773   Thumb Code    22  stm32f10x_bkp.o(.text)
    BKP_SetRTCCalibrationValue               0x08001789   Thumb Code    22  stm32f10x_bkp.o(.text)
    BKP_WriteBackupRegister                  0x0800179f   Thumb Code    12  stm32f10x_bkp.o(.text)
    BKP_ReadBackupRegister                   0x080017ab   Thumb Code    14  stm32f10x_bkp.o(.text)
    BKP_GetFlagStatus                        0x080017b9   Thumb Code    10  stm32f10x_bkp.o(.text)
    BKP_ClearFlag                            0x080017c3   Thumb Code    18  stm32f10x_bkp.o(.text)
    BKP_GetITStatus                          0x080017d5   Thumb Code    10  stm32f10x_bkp.o(.text)
    BKP_ClearITPendingBit                    0x080017df   Thumb Code    18  stm32f10x_bkp.o(.text)
    CAN_DeInit                               0x080017f9   Thumb Code    50  stm32f10x_can.o(.text)
    CAN_Init                                 0x0800182b   Thumb Code   276  stm32f10x_can.o(.text)
    CAN_FilterInit                           0x0800193f   Thumb Code   258  stm32f10x_can.o(.text)
    CAN_StructInit                           0x08001a41   Thumb Code    32  stm32f10x_can.o(.text)
    CAN_SlaveStartBank                       0x08001a61   Thumb Code    48  stm32f10x_can.o(.text)
    CAN_DBGFreeze                            0x08001a91   Thumb Code    22  stm32f10x_can.o(.text)
    CAN_TTComModeCmd                         0x08001aa7   Thumb Code   118  stm32f10x_can.o(.text)
    CAN_Transmit                             0x08001b1d   Thumb Code   304  stm32f10x_can.o(.text)
    CAN_TransmitStatus                       0x08001c4d   Thumb Code   138  stm32f10x_can.o(.text)
    CAN_CancelTransmit                       0x08001cd7   Thumb Code    48  stm32f10x_can.o(.text)
    CAN_Receive                              0x08001d07   Thumb Code   240  stm32f10x_can.o(.text)
    CAN_FIFORelease                          0x08001df7   Thumb Code    22  stm32f10x_can.o(.text)
    CAN_MessagePending                       0x08001e0d   Thumb Code    30  stm32f10x_can.o(.text)
    CAN_OperatingModeRequest                 0x08001e2b   Thumb Code   162  stm32f10x_can.o(.text)
    CAN_Sleep                                0x08001ecd   Thumb Code    30  stm32f10x_can.o(.text)
    CAN_WakeUp                               0x08001eeb   Thumb Code    48  stm32f10x_can.o(.text)
    CAN_GetLastErrorCode                     0x08001f1b   Thumb Code    12  stm32f10x_can.o(.text)
    CAN_GetReceiveErrorCounter               0x08001f27   Thumb Code    10  stm32f10x_can.o(.text)
    CAN_GetLSBTransmitErrorCounter           0x08001f31   Thumb Code    12  stm32f10x_can.o(.text)
    CAN_ITConfig                             0x08001f3d   Thumb Code    18  stm32f10x_can.o(.text)
    CAN_GetFlagStatus                        0x08001f4f   Thumb Code   120  stm32f10x_can.o(.text)
    CAN_ClearFlag                            0x08001fc7   Thumb Code    52  stm32f10x_can.o(.text)
    CAN_GetITStatus                          0x0800200b   Thumb Code   308  stm32f10x_can.o(.text)
    CAN_ClearITPendingBit                    0x0800213f   Thumb Code   162  stm32f10x_can.o(.text)
    TIM_REF_DelayTms                         0x080021e5   Thumb Code    18  mcu_board.o(.text)
    DRV_SPI_Init                             0x080021f7   Thumb Code    64  mcu_board.o(.text)
    PC_USART_Init                            0x08002237   Thumb Code   228  mcu_board.o(.text)
    TIM_REF_Init                             0x0800231b   Thumb Code    82  mcu_board.o(.text)
    BUT_SEL_Init                             0x0800236d   Thumb Code    30  mcu_board.o(.text)
    LED_PULSE_Init                           0x0800238b   Thumb Code    30  mcu_board.o(.text)
    MCU_BOARD_Init                           0x080023a9   Thumb Code    88  mcu_board.o(.text)
    MCU_ClockFreq_Init                       0x08002401   Thumb Code    24  mcu_board.o(.text)
    BUT_SEL_IsPress                          0x08002419   Thumb Code    18  mcu_board.o(.text)
    BUT_SEL_IsPress_Debounce                 0x0800242b   Thumb Code    28  mcu_board.o(.text)
    LED_PULSE_Set                            0x08002447   Thumb Code    12  mcu_board.o(.text)
    LED_PULSE_Reset                          0x08002453   Thumb Code    12  mcu_board.o(.text)
    LED_PULSE_Toggle                         0x0800245f   Thumb Code    18  mcu_board.o(.text)
    SysTick_Handler                          0x08002471   Thumb Code   102  mcu_board.o(.text)
    PC_USART_ReadBytes                       0x080024d7   Thumb Code    40  mcu_board.o(.text)
    PC_USART_WriteBytes                      0x080024ff   Thumb Code    40  mcu_board.o(.text)
    PC_USART_DMA_ReadBytes                   0x08002527   Thumb Code    24  mcu_board.o(.text)
    PC_USART_DMA_WriteBytes                  0x0800253f   Thumb Code    58  mcu_board.o(.text)
    DMA1_Channel4_IRQHandler                 0x08002579   Thumb Code    32  mcu_board.o(.text)
    DMA1_Channel5_IRQHandler                 0x08002599   Thumb Code   104  mcu_board.o(.text)
    MSDC_SPI_Init                            0x08002601   Thumb Code   176  mcu_board.o(.text)
    MSDC_SPI_CS_Low                          0x080026b1   Thumb Code    14  mcu_board.o(.text)
    MSDC_SPI_CS_High                         0x080026bf   Thumb Code    14  mcu_board.o(.text)
    MSDC_SPI_CLK_Low                         0x080026cd   Thumb Code    14  mcu_board.o(.text)
    MSDC_SPI_CLK_High                        0x080026db   Thumb Code    20  mcu_board.o(.text)
    MSDC_SPI_ExchangeByte                    0x080026ef   Thumb Code    52  mcu_board.o(.text)
    MSDC_SPI_RecvByte                        0x08002723   Thumb Code    12  mcu_board.o(.text)
    MSDC_SPI_SendByte                        0x0800272f   Thumb Code    14  mcu_board.o(.text)
    RTC_Set                                  0x0800273d   Thumb Code   116  mcu_board.o(.text)
    RTC_Init                                 0x080027b1   Thumb Code   158  mcu_board.o(.text)
    RTC_AutoCalib                            0x0800284f   Thumb Code     2  mcu_board.o(.text)
    RTC_ManualCalib                          0x08002851   Thumb Code     2  mcu_board.o(.text)
    RTC_Get                                  0x08002853   Thumb Code    80  mcu_board.o(.text)
    RTC_UpdateDateTime                       0x080028a3   Thumb Code   622  mcu_board.o(.text)
    RTC_IRQHandler                           0x08002b11   Thumb Code    62  mcu_board.o(.text)
    COMM_CAN_Init                            0x08002b4f   Thumb Code   224  mcu_board.o(.text)
    COMM_CAN_WriteBytes                      0x08002c2f   Thumb Code    72  mcu_board.o(.text)
    COMM_CAN_ReadBytes                       0x08002c77   Thumb Code    62  mcu_board.o(.text)
    USB_LP_CAN1_RX0_IRQHandler               0x08002cb5   Thumb Code    74  mcu_board.o(.text)
    DRV_SPI_Eo                               0x08002cff   Thumb Code    12  mcu_board.o(.text)
    DRV_SPI_WriteBytes                       0x08002d0b   Thumb Code   116  mcu_board.o(.text)
    DRV_SPI_Do                               0x08002d7f   Thumb Code    12  mcu_board.o(.text)
    disk_timerproc                           0x08002dad   Thumb Code    30  sdcard.o(.text)
    SD_WaitForReady                          0x08002dcb   Thumb Code    38  sdcard.o(.text)
    SD_SendCommand                           0x08002df1   Thumb Code   168  sdcard.o(.text)
    SD_SendACommand                          0x08002e99   Thumb Code    50  sdcard.o(.text)
    SD_Init                                  0x08002ecb   Thumb Code   368  sdcard.o(.text)
    SD_RecvDataBlock                         0x0800303b   Thumb Code    76  sdcard.o(.text)
    SD_ReadConfiguration                     0x08003087   Thumb Code   450  sdcard.o(.text)
    SD_SendDataBlock                         0x08003249   Thumb Code   104  sdcard.o(.text)
    SD_WriteBytes                            0x080032b1   Thumb Code    64  sdcard.o(.text)
    SD_ReadBytes                             0x080032f1   Thumb Code   132  sdcard.o(.text)
    Array2Uint32                             0x08003385   Thumb Code    24  utility.o(.text)
    Int2Str                                  0x0800339d   Thumb Code    90  utility.o(.text)
    DateTime2Str                             0x080033f7   Thumb Code   440  utility.o(.text)
    VALVE_Init                               0x080035b5   Thumb Code    18  valve.o(.text)
    VALVE_SWrite                             0x080035c7   Thumb Code    18  valve.o(.text)
    VALVE_Test                               0x080035d9   Thumb Code   122  valve.o(.text)
    VALVE_VSet                               0x08003653   Thumb Code    64  valve.o(.text)
    VALVE_ISet                               0x08003693   Thumb Code     6  valve.o(.text)
    VALVE_SSet                               0x08003699   Thumb Code    24  valve.o(.text)
    WAR_Write                                0x080036b5   Thumb Code    74  war.o(.text)
    WAR_DispImage                            0x080036ff   Thumb Code   178  war.o(.text)
    WAR_Disp_ChaT                            0x080037b1   Thumb Code    34  war.o(.text)
    WAR_Disp_ChaA                            0x080037d3   Thumb Code    34  war.o(.text)
    WAR_Disp_ChaG                            0x080037f5   Thumb Code    34  war.o(.text)
    WAR_Disp_ChaS                            0x08003817   Thumb Code    34  war.o(.text)
    WAR_Disp_Sgat                            0x08003839   Thumb Code    38  war.o(.text)
    WAR_Disp_BKW                             0x0800385f   Thumb Code    34  war.o(.text)
    WAR_Test                                 0x08003881   Thumb Code    64  war.o(.text)
    WAR_Disp_Pigeon                          0x080038c1   Thumb Code   104  war.o(.text)
    WAR_Disp_Money                           0x08003929   Thumb Code   126  war.o(.text)
    WAR_Disp_Tulip                           0x080039a7   Thumb Code   218  war.o(.text)
    WAR_Disp_Lotus                           0x08003a81   Thumb Code   176  war.o(.text)
    WAR_Disp_Heart                           0x08003b31   Thumb Code    66  war.o(.text)
    WAR_Test1                                0x08003b73   Thumb Code    44  war.o(.text)
    WAR_Disp_Num0                            0x08003b9f   Thumb Code    34  war.o(.text)
    WAR_Disp_Num1                            0x08003bc1   Thumb Code    34  war.o(.text)
    WAR_Disp_Num2                            0x08003be3   Thumb Code    34  war.o(.text)
    WAR_Disp_Num3                            0x08003c05   Thumb Code    34  war.o(.text)
    WAR_Disp_Num4                            0x08003c27   Thumb Code    34  war.o(.text)
    WAR_Disp_Num5                            0x08003c49   Thumb Code    34  war.o(.text)
    WAR_Disp_Num6                            0x08003c6b   Thumb Code    34  war.o(.text)
    WAR_Disp_Num7                            0x08003c8d   Thumb Code    34  war.o(.text)
    WAR_Disp_Num8                            0x08003caf   Thumb Code    34  war.o(.text)
    WAR_Disp_Num9                            0x08003cd1   Thumb Code    34  war.o(.text)
    COM_BufferReset                          0x08003d25   Thumb Code    60  com.o(.text)
    COM_Init                                 0x08003d61   Thumb Code     8  com.o(.text)
    COM_BufferIsEmpty                        0x08003d69   Thumb Code    20  com.o(.text)
    COM_ReadFrame                            0x08003d7d   Thumb Code   178  com.o(.text)
    COM_Response                             0x08003e2f   Thumb Code    28  com.o(.text)
    DIAG_Init                                0x08003e5d   Thumb Code     2  diag.o(.text)
    DIAG_Raise                               0x08003e5f   Thumb Code     2  diag.o(.text)
    MEM_Init                                 0x08003e61   Thumb Code    66  mem.o(.text)
    MEM_Read                                 0x08003ea3   Thumb Code   220  mem.o(.text)
    MEM_Test                                 0x08003f7f   Thumb Code    48  mem.o(.text)
    MEM_Calib                                0x08003faf   Thumb Code   400  mem.o(.text)
    MEM_Write                                0x0800413f   Thumb Code   208  mem.o(.text)
    APP_Init                                 0x08004221   Thumb Code     2  app.o(.text)
    APP_RunScript                            0x08004223   Thumb Code   186  app.o(.text)
    APP_Process                              0x080042dd   Thumb Code   378  app.o(.text)
    APP_ConfigMode                           0x08004457   Thumb Code    72  app.o(.text)
    APP_InteractMode                         0x0800449f   Thumb Code    62  app.o(.text)
    APP_BKPMode                              0x080044dd   Thumb Code    68  app.o(.text)
    APP_RunMode                              0x08004521   Thumb Code     2  app.o(.text)
    __aeabi_memcpy                           0x08004541   Thumb Code    36  memcpya.o(.text)
    __aeabi_memcpy4                          0x08004541   Thumb Code     0  memcpya.o(.text)
    __aeabi_memcpy8                          0x08004541   Thumb Code     0  memcpya.o(.text)
    __scatterload                            0x08004565   Thumb Code    28  init.o(.text)
    __scatterload_rt2                        0x08004565   Thumb Code     0  init.o(.text)
    __scatterload_copy                       0x08004589   Thumb Code    14  handlers.o(i.__scatterload_copy)
    __scatterload_null                       0x08004597   Thumb Code     2  handlers.o(i.__scatterload_null)
    __scatterload_zeroinit                   0x08004599   Thumb Code    14  handlers.o(i.__scatterload_zeroinit)
    Region$$Table$$Base                      0x08008f30   Number         0  anon$$obj.o(Region$$Table)
    Region$$Table$$Limit                     0x08008f50   Number         0  anon$$obj.o(Region$$Table)
    SystemState                              0x20000000   Data           1  main.o(.data)
    SystemNewState                           0x20000001   Data           1  main.o(.data)
    SystemCoreClock                          0x20000004   Data           4  system_stm32f10x.o(.data)
    AHBPrescTable                            0x20000008   Data          16  system_stm32f10x.o(.data)
    tick_count                               0x2000002c   Data           4  mcu_board.o(.data)
    TIM_REF_Tick1ms                          0x20000030   Data           4  mcu_board.o(.data)
    TIM_REF_Tick10ms                         0x20000034   Data           4  mcu_board.o(.data)
    RTC_Int1sFlag                            0x20000038   Data           1  mcu_board.o(.data)
    COMM_CAN_RXFlag                          0x20000039   Data           1  mcu_board.o(.data)
    TIM_REF_Tick                             0x2000003c   Data           4  mcu_board.o(.data)
    DateTime                                 0x20000048   Data           7  mcu_board.o(.data)
    CardType                                 0x20000050   Data           1  sdcard.o(.data)
    WAR_DispList                             0x2000005c   Data          80  war.o(.data)
    MasterPassword                           0x200000ac   Data           4  app.o(.data)
    PC_USART_DMA_RxBuf                       0x200000b4   Data        1000  mcu_board.o(.bss)
    CardConfig                               0x2000049c   Data          48  sdcard.o(.bss)
    VALVE_IData                              0x200004cc   Data          33  valve.o(.bss)
    COM_Frame                                0x200004f0   Data          12  com.o(.bss)
    MEM_Buf                                  0x200004fc   Data         520  mem.o(.bss)
    MEM_Struct                               0x20000704   Data          36  mem.o(.bss)
    __initial_sp                             0x20003220   Data           0  startup_stm32f10x_md.o(STACK)



==============================================================================

Memory Map of the image

  Image Entry point : 0x080000ed

  Load Region LR_IROM1 (Base: 0x08000000, Size: 0x00009004, Max: 0x00010000, ABSOLUTE)

    Execution Region ER_IROM1 (Base: 0x08000000, Size: 0x00008f50, Max: 0x00010000, ABSOLUTE)

    Base Addr    Size         Type   Attr      Idx    E Section Name        Object

    0x08000000   0x000000ec   Data   RO            3    RESET               startup_stm32f10x_md.o
    0x080000ec   0x00000000   Code   RO          629  * .ARM.Collect$$$$00000000  mc_w.l(entry.o)
    0x080000ec   0x00000004   Code   RO          636    .ARM.Collect$$$$00000001  mc_w.l(entry2.o)
    0x080000f0   0x00000004   Code   RO          639    .ARM.Collect$$$$00000004  mc_w.l(entry5.o)
    0x080000f4   0x00000000   Code   RO          641    .ARM.Collect$$$$00000008  mc_w.l(entry7b.o)
    0x080000f4   0x00000008   Code   RO          642    .ARM.Collect$$$$00000009  mc_w.l(entry8.o)
    0x080000fc   0x00000004   Code   RO          637    .ARM.Collect$$$$00002712  mc_w.l(entry2.o)
    0x08000100   0x00000024   Code   RO            4    .text               startup_stm32f10x_md.o
    0x08000124   0x00000018   Code   RO           12    .text               stm32f10x_it.o
    0x0800013c   0x000000fc   Code   RO           95    .text               main.o
    0x08000238   0x000001cc   Code   RO          161    .text               system_stm32f10x.o
    0x08000404   0x000000dc   Code   RO          187    .text               misc.o
    0x080004e0   0x00000358   Code   RO          207    .text               stm32f10x_gpio.o
    0x08000838   0x000003a0   Code   RO          227    .text               stm32f10x_rcc.o
    0x08000bd8   0x00000408   Code   RO          269    .text               stm32f10x_usart.o
    0x08000fe0   0x0000030c   Code   RO          289    .text               stm32f10x_spi.o
    0x080012ec   0x00000250   Code   RO          309    .text               stm32f10x_dma.o
    0x0800153c   0x000000cc   Code   RO          329    .text               stm32f10x_pwr.o
    0x08001608   0x00000144   Code   RO          349    .text               stm32f10x_rtc.o
    0x0800174c   0x000000ac   Code   RO          369    .text               stm32f10x_bkp.o
    0x080017f8   0x000009ec   Code   RO          389    .text               stm32f10x_can.o
    0x080021e4   0x00000bc8   Code   RO          409    .text               mcu_board.o
    0x08002dac   0x000005d8   Code   RO          440    .text               sdcard.o
    0x08003384   0x00000230   Code   RO          465    .text               utility.o
    0x080035b4   0x00000100   Code   RO          481    .text               valve.o
    0x080036b4   0x00000670   Code   RO          507    .text               war.o
    0x08003d24   0x00000138   Code   RO          534    .text               com.o
    0x08003e5c   0x00000004   Code   RO          560    .text               diag.o
    0x08003e60   0x000003c0   Code   RO          580    .text               mem.o
    0x08004220   0x00000320   Code   RO          607    .text               app.o
    0x08004540   0x00000024   Code   RO          632    .text               mc_w.l(memcpya.o)
    0x08004564   0x00000024   Code   RO          643    .text               mc_w.l(init.o)
    0x08004588   0x0000000e   Code   RO          647    i.__scatterload_copy  mc_w.l(handlers.o)
    0x08004596   0x00000002   Code   RO          648    i.__scatterload_null  mc_w.l(handlers.o)
    0x08004598   0x0000000e   Code   RO          649    i.__scatterload_zeroinit  mc_w.l(handlers.o)
    0x080045a6   0x00000002   PAD
    0x080045a8   0x0000001c   Data   RO          466    .constdata          utility.o
    0x080045c4   0x00004941   Data   RO          508    .constdata          war.o
    0x08008f05   0x00000003   PAD
    0x08008f08   0x00000004   Data   RO          582    .constdata          mem.o
    0x08008f0c   0x0000001c   Data   RO          467    .conststring        utility.o
    0x08008f28   0x00000005   Data   RO          608    .conststring        app.o
    0x08008f2d   0x00000003   PAD
    0x08008f30   0x00000020   Data   RO          645    Region$$Table       anon$$obj.o


    Execution Region RW_IRAM1 (Base: 0x20000000, Size: 0x00003220, Max: 0x00005000, ABSOLUTE)

    Base Addr    Size         Type   Attr      Idx    E Section Name        Object

    0x20000000   0x00000002   Data   RW           96    .data               main.o
    0x20000002   0x00000002   PAD
    0x20000004   0x00000014   Data   RW          162    .data               system_stm32f10x.o
    0x20000018   0x00000014   Data   RW          228    .data               stm32f10x_rcc.o
    0x2000002c   0x00000023   Data   RW          411    .data               mcu_board.o
    0x2000004f   0x00000001   PAD
    0x20000050   0x0000000c   Data   RW          442    .data               sdcard.o
    0x2000005c   0x00000050   Data   RW          509    .data               war.o
    0x200000ac   0x00000005   Data   RW          609    .data               app.o
    0x200000b1   0x00000003   PAD
    0x200000b4   0x000003e8   Zero   RW          410    .bss                mcu_board.o
    0x2000049c   0x00000030   Zero   RW          441    .bss                sdcard.o
    0x200004cc   0x00000021   Zero   RW          482    .bss                valve.o
    0x200004ed   0x00000003   PAD
    0x200004f0   0x0000000c   Zero   RW          535    .bss                com.o
    0x200004fc   0x0000022c   Zero   RW          581    .bss                mem.o
    0x20000728   0x00002af8   Zero   RW            1    STACK               startup_stm32f10x_md.o


==============================================================================

Image component sizes


      Code (inc. data)   RO Data    RW Data    ZI Data      Debug   Object Name

       800         40          5          5          0       2454   app.o
       312         18          0          0         12       1420   com.o
         4          0          0          0          0        511   diag.o
       252          8          0          2          0       3000   main.o
      3016        108          0         35       1000      32179   mcu_board.o
       960         34          4          0        556       2622   mem.o
       220         20          0          0          0       1689   misc.o
      1496         32          0         12         48       6096   sdcard.o
        36          8        236          0      11000        788   startup_stm32f10x_md.o
       172          8          0          0          0       3240   stm32f10x_bkp.o
      2540         38          0          0          0       7744   stm32f10x_can.o
       592          8          0          0          0       4218   stm32f10x_dma.o
       856         40          0          0          0       5533   stm32f10x_gpio.o
        24          0          0          0          0     256462   stm32f10x_it.o
       204         16          0          0          0       1863   stm32f10x_pwr.o
       928         48          0         20          0       8644   stm32f10x_rcc.o
       324          4          0          0          0       2614   stm32f10x_rtc.o
       780         14          0          0          0       6414   stm32f10x_spi.o
      1032         22          0          0          0       8260   stm32f10x_usart.o
       460         40          0         20          0       1655   system_stm32f10x.o
       560          6         56          0          0       1656   utility.o
       256          4          0          0         33       1780   valve.o
      1648        114      18753         80          0       7459   war.o

    ----------------------------------------------------------------------
     17472        630      19092        180      12652     368301   Object Totals
         0          0         32          0          0          0   (incl. Generated)
         0          0          6          6          3          0   (incl. Padding)

    ----------------------------------------------------------------------

      Code (inc. data)   RO Data    RW Data    ZI Data      Debug   Library Member Name

         0          0          0          0          0          0   entry.o
         8          4          0          0          0          0   entry2.o
         4          0          0          0          0          0   entry5.o
         0          0          0          0          0          0   entry7b.o
         8          4          0          0          0          0   entry8.o
        30          0          0          0          0          0   handlers.o
        36          8          0          0          0         68   init.o
        36          0          0          0          0         68   memcpya.o

    ----------------------------------------------------------------------
       124         16          0          0          0        136   Library Totals
         2          0          0          0          0          0   (incl. Padding)

    ----------------------------------------------------------------------

      Code (inc. data)   RO Data    RW Data    ZI Data      Debug   Library Name

       122         16          0          0          0        136   mc_w.l

    ----------------------------------------------------------------------
       124         16          0          0          0        136   Library Totals

    ----------------------------------------------------------------------

==============================================================================


      Code (inc. data)   RO Data    RW Data    ZI Data      Debug   

     17596        646      19092        180      12652     365889   Grand Totals
     17596        646      19092        180      12652     365889   ELF Image Totals
     17596        646      19092        180          0          0   ROM Totals

==============================================================================

    Total RO  Size (Code + RO Data)                36688 (  35.83kB)
    Total RW  Size (RW Data + ZI Data)             12832 (  12.53kB)
    Total ROM Size (Code + RO Data + RW Data)      36868 (  36.00kB)

==============================================================================

