ARM Linker, 5.03 [Build 76] [MDK-ARM Standard]

==============================================================================

Section Cross References

    startup_stm32f10x_md.o(STACK) refers (Special) to heapauxi.o(.text) for __use_two_region_memory
    startup_stm32f10x_md.o(HEAP) refers (Special) to heapauxi.o(.text) for __use_two_region_memory
    startup_stm32f10x_md.o(RESET) refers (Special) to heapauxi.o(.text) for __use_two_region_memory
    startup_stm32f10x_md.o(RESET) refers to startup_stm32f10x_md.o(STACK) for __initial_sp
    startup_stm32f10x_md.o(RESET) refers to startup_stm32f10x_md.o(.text) for Reset_Handler
    startup_stm32f10x_md.o(RESET) refers to stm32f10x_it.o(.text) for NMI_Handler
    startup_stm32f10x_md.o(RESET) refers to mcu_board.o(.text) for SysTick_Handler
    startup_stm32f10x_md.o(.text) refers (Special) to heapauxi.o(.text) for __use_two_region_memory
    startup_stm32f10x_md.o(.text) refers to system_stm32f10x.o(.text) for SystemInit
    startup_stm32f10x_md.o(.text) refers to __main.o(!!!main) for __main
    startup_stm32f10x_md.o(.text) refers to startup_stm32f10x_md.o(HEAP) for Heap_Mem
    startup_stm32f10x_md.o(.text) refers to startup_stm32f10x_md.o(STACK) for Stack_Mem
    main.o(.text) refers to mcu_board.o(.text) for MCU_BOARD_Init
    main.o(.text) refers to valve.o(.text) for VALVE_Init
    main.o(.text) refers to com.o(.text) for COM_Init
    main.o(.text) refers to mem.o(.text) for MEM_Init
    main.o(.text) refers to diag.o(.text) for DIAG_Raise
    main.o(.text) refers to app.o(.text) for APP_BKPMode
    main.o(.text) refers to main.o(.data) for SystemState
    main.o(.text) refers to com.o(.data) for COM_FrameIsReady
    system_stm32f10x.o(.text) refers to system_stm32f10x.o(.data) for SystemCoreClock
    stm32f10x_gpio.o(.text) refers to stm32f10x_rcc.o(.text) for RCC_APB2PeriphResetCmd
    stm32f10x_rcc.o(.text) refers to stm32f10x_rcc.o(.data) for APBAHBPrescTable
    stm32f10x_tim.o(.text) refers to stm32f10x_rcc.o(.text) for RCC_APB2PeriphResetCmd
    stm32f10x_usart.o(.text) refers to stm32f10x_rcc.o(.text) for RCC_APB2PeriphResetCmd
    stm32f10x_spi.o(.text) refers to stm32f10x_rcc.o(.text) for RCC_APB2PeriphResetCmd
    stm32f10x_pwr.o(.text) refers to stm32f10x_rcc.o(.text) for RCC_APB1PeriphResetCmd
    stm32f10x_bkp.o(.text) refers to stm32f10x_rcc.o(.text) for RCC_BackupResetCmd
    stm32f10x_can.o(.text) refers to stm32f10x_rcc.o(.text) for RCC_APB1PeriphResetCmd
    mcu_board.o(.text) refers to stm32f10x_gpio.o(.text) for GPIO_Init
    mcu_board.o(.text) refers to stm32f10x_usart.o(.text) for USART_Init
    mcu_board.o(.text) refers to stm32f10x_dma.o(.text) for DMA_DeInit
    mcu_board.o(.text) refers to misc.o(.text) for NVIC_Init
    mcu_board.o(.text) refers to stm32f10x_rcc.o(.text) for RCC_APB2PeriphClockCmd
    mcu_board.o(.text) refers to sdcard.o(.text) for disk_timerproc
    mcu_board.o(.text) refers to mcu_board.o(.data) for TIM_REF_Tick
    mcu_board.o(.text) refers to mcu_board.o(.bss) for PC_USART_DMA_RxBuf
    mcu_board.o(.text) refers to system_stm32f10x.o(.data) for SystemCoreClock
    mcu_board.o(.text) refers to stm32f10x_spi.o(.text) for SPI_I2S_DeInit
    mcu_board.o(.text) refers to stm32f10x_bkp.o(.text) for BKP_WriteBackupRegister
    mcu_board.o(.text) refers to stm32f10x_rtc.o(.text) for RTC_SetCounter
    mcu_board.o(.text) refers to stm32f10x_pwr.o(.text) for PWR_BackupAccessCmd
    mcu_board.o(.text) refers to stm32f10x_can.o(.text) for CAN_DeInit
    sdcard.o(.text) refers to mcu_board.o(.text) for MSDC_SPI_RecvByte
    sdcard.o(.text) refers to sdcard.o(.data) for Timer1
    sdcard.o(.text) refers to sdcard.o(.bss) for CardConfig
    utility.o(.text) refers to rt_memcpy_w.o(.text) for __aeabi_memcpy4
    utility.o(.text) refers to utility.o(.constdata) for .constdata
    utility.o(.constdata) refers to utility.o(.conststring) for .conststring
    valve.o(.text) refers to mcu_board.o(.text) for DRV_SPI_WriteBytes
    valve.o(.text) refers to valve.o(.bss) for VALVE_IData
    war.o(.text) refers to valve.o(.text) for VALVE_SWrite
    war.o(.text) refers to mcu_board.o(.text) for DRV_SPI_Do
    war.o(.text) refers to rt_memcpy_w.o(.text) for __aeabi_memcpy4
    war.o(.text) refers to valve.o(.bss) for VALVE_IData
    war.o(.text) refers to war.o(.constdata) for .constdata
    war.o(.data) refers to war.o(.text) for WAR_Disp_Digit0
    com.o(.text) refers to stm32f10x_dma.o(.text) for DMA_Cmd
    com.o(.text) refers to mcu_board.o(.text) for TIM_REF_SetCallback
    com.o(.text) refers to mcu_board.o(.bss) for PC_USART_DMA_RxBuf
    com.o(.text) refers to com.o(.bss) for COM_Frame
    com.o(.text) refers to com.o(.data) for enTim
    com.o(.text) refers to mcu_board.o(.data) for TIM_REF_Tick1ms
    mem.o(.text) refers to sdcard.o(.text) for SD_Init
    mem.o(.text) refers to mcu_board.o(.text) for LED_PULSE_Toggle
    mem.o(.text) refers to utility.o(.text) for Array2Uint32
[...]
    rtentry2.o(.ARM.exidx) refers to rtentry2.o(.ARM.Collect$$rtentry$$0000000B) for .ARM.Collect$$rtentry$$0000000B
    rtentry2.o(.ARM.exidx) refers to rtentry2.o(.ARM.Collect$$rtentry$$0000000D) for .ARM.Collect$$rtentry$$0000000D
    rtentry4.o(.ARM.Collect$$rtentry$$00000004) refers to sys_stackheap_outer.o(.text) for __user_setup_stackheap
    rtentry4.o(.ARM.exidx) refers to rtentry4.o(.ARM.Collect$$rtentry$$00000004) for .ARM.Collect$$rtentry$$00000004
    sys_stackheap_outer.o(.text) refers to libspace.o(.text) for __user_perproc_libspace
    sys_stackheap_outer.o(.text) refers to startup_stm32f10x_md.o(.text) for __user_initial_stackheap
    exit.o(.text) refers to rtexit.o(.ARM.Collect$$rtexit$$00000000) for __rt_exit
    libinit.o(.ARM.Collect$$libinit$$00000000) refers (Special) to libinit2.o(.ARM.Collect$$libinit$$0000002C) for __rt_lib_init_alloca_1
    libinit.o(.ARM.Collect$$libinit$$00000000) refers (Special) to libinit2.o(.ARM.Collect$$libinit$$0000002A) for __rt_lib_init_argv_1
    libinit.o(.ARM.Collect$$libinit$$00000000) refers (Special) to libinit2.o(.ARM.Collect$$libinit$$00000019) for __rt_lib_init_atexit_1
    libinit.o(.ARM.Collect$$libinit$$00000000) refers (Special) to libinit2.o(.ARM.Collect$$libinit$$0000001F) for __rt_lib_init_clock_1
    libinit.o(.ARM.Collect$$libinit$$00000000) refers (Special) to libinit2.o(.ARM.Collect$$libinit$$00000030) for __rt_lib_init_cpp_1
    libinit.o(.ARM.Collect$$libinit$$00000000) refers (Special) to libinit2.o(.ARM.Collect$$libinit$$0000002E) for __rt_lib_init_exceptions_1
    libinit.o(.ARM.Collect$$libinit$$00000000) refers (Special) to libinit2.o(.ARM.Collect$$libinit$$00000002) for __rt_lib_init_fp_1
    libinit.o(.ARM.Collect$$libinit$$00000000) refers (Special) to libinit2.o(.ARM.Collect$$libinit$$0000001D) for __rt_lib_init_fp_trap_1
    libinit.o(.ARM.Collect$$libinit$$00000000) refers (Special) to libinit2.o(.ARM.Collect$$libinit$$00000021) for __rt_lib_init_getenv_1
    libinit.o(.ARM.Collect$$libinit$$00000000) refers (Special) to libinit2.o(.ARM.Collect$$libinit$$00000008) for __rt_lib_init_heap_1
    libinit.o(.ARM.Collect$$libinit$$00000000) refers (Special) to libinit2.o(.ARM.Collect$$libinit$$0000000F) for __rt_lib_init_lc_collate_1
    libinit.o(.ARM.Collect$$libinit$$00000000) refers (Special) to libinit2.o(.ARM.Collect$$libinit$$00000011) for __rt_lib_init_lc_ctype_1
    libinit.o(.ARM.Collect$$libinit$$00000000) refers (Special) to libinit2.o(.ARM.Collect$$libinit$$00000013) for __rt_lib_init_lc_monetary_1
    libinit.o(.ARM.Collect$$libinit$$00000000) refers (Special) to libinit2.o(.ARM.Collect$$libinit$$00000015) for __rt_lib_init_lc_numeric_1
    libinit.o(.ARM.Collect$$libinit$$00000000) refers (Special) to libinit2.o(.ARM.Collect$$libinit$$00000017) for __rt_lib_init_lc_time_1
    libinit.o(.ARM.Collect$$libinit$$00000000) refers (Special) to libinit2.o(.ARM.Collect$$libinit$$0000000C) for __rt_lib_init_rand_1
    libinit.o(.ARM.Collect$$libinit$$00000000) refers (Special) to libinit2.o(.ARM.Collect$$libinit$$00000031) for __rt_lib_init_return
    libinit.o(.ARM.Collect$$libinit$$00000000) refers (Special) to libinit2.o(.ARM.Collect$$libinit$$0000001B) for __rt_lib_init_signal_1
    libinit.o(.ARM.Collect$$libinit$$00000000) refers (Special) to libinit2.o(.ARM.Collect$$libinit$$00000023) for __rt_lib_init_stdio_1
    libinit.o(.ARM.Collect$$libinit$$00000000) refers (Special) to libinit2.o(.ARM.Collect$$libinit$$0000000A) for __rt_lib_init_user_alloc_1
    libspace.o(.text) refers to libspace.o(.bss) for __libspace_start
    rtexit.o(.ARM.Collect$$rtexit$$00000000) refers (Special) to rtexit2.o(.ARM.Collect$$rtexit$$00000004) for __rt_exit_exit
    rtexit.o(.ARM.Collect$$rtexit$$00000000) refers (Special) to rtexit2.o(.ARM.Collect$$rtexit$$00000003) for __rt_exit_ls
    rtexit.o(.ARM.Collect$$rtexit$$00000000) refers (Special) to rtexit2.o(.ARM.Collect$$rtexit$$00000002) for __rt_exit_prels_1
    rtexit.o(.ARM.exidx) refers (Special) to rtexit2.o(.ARM.Collect$$rtexit$$00000004) for __rt_exit_exit
    rtexit.o(.ARM.exidx) refers (Special) to rtexit2.o(.ARM.Collect$$rtexit$$00000003) for __rt_exit_ls
    rtexit.o(.ARM.exidx) refers (Special) to rtexit2.o(.ARM.Collect$$rtexit$$00000002) for __rt_exit_prels_1
    rtexit.o(.ARM.exidx) refers to rtexit.o(.ARM.Collect$$rtexit$$00000000) for .ARM.Collect$$rtexit$$00000000
    libinit2.o(.ARM.Collect$$libinit$$0000000E) refers to libinit2.o(.ARM.Collect$$libinit$$0000000D) for .ARM.Collect$$libinit$$0000000D
    libinit2.o(.ARM.Collect$$libinit$$00000010) refers to libinit2.o(.ARM.Collect$$libinit$$0000000D) for .ARM.Collect$$libinit$$0000000D
    libinit2.o(.ARM.Collect$$libinit$$00000012) refers to libinit2.o(.ARM.Collect$$libinit$$0000000D) for .ARM.Collect$$libinit$$0000000D
    libinit2.o(.ARM.Collect$$libinit$$00000014) refers to libinit2.o(.ARM.Collect$$libinit$$0000000D) for .ARM.Collect$$libinit$$0000000D
    libinit2.o(.ARM.Collect$$libinit$$00000016) refers to libinit2.o(.ARM.Collect$$libinit$$0000000D) for .ARM.Collect$$libinit$$0000000D
    libinit2.o(.ARM.Collect$$libinit$$00000024) refers to argv_veneer.o(.emb_text) for __ARM_argv_veneer
    libinit2.o(.ARM.Collect$$libinit$$00000025) refers to argv_veneer.o(.emb_text) for __ARM_argv_veneer
    rtexit2.o(.ARM.Collect$$rtexit$$00000003) refers to libshutdown.o(.ARM.Collect$$libshutdown$$00000000) for __rt_lib_shutdown
    rtexit2.o(.ARM.Collect$$rtexit$$00000004) refers to sys_exit.o(.text) for _sys_exit
    rtexit2.o(.ARM.exidx) refers to rtexit2.o(.ARM.Collect$$rtexit$$00000001) for .ARM.Collect$$rtexit$$00000001
    rtexit2.o(.ARM.exidx) refers to rtexit2.o(.ARM.Collect$$rtexit$$00000003) for .ARM.Collect$$rtexit$$00000003
    rtexit2.o(.ARM.exidx) refers to rtexit2.o(.ARM.Collect$$rtexit$$00000004) for .ARM.Collect$$rtexit$$00000004
    argv_veneer.o(.emb_text) refers to no_argv.o(.text) for __ARM_get_argv
    sys_exit.o(.text) refers (Special) to use_no_semi.o(.text) for __I$use$semihosting
    sys_exit.o(.text) refers (Special) to indicate_semi.o(.text) for __semihosting_library_function
    _get_argv_nomalloc.o(.text) refers (Special) to hrguard.o(.text) for __heap_region$guard
    _get_argv_nomalloc.o(.text) refers to defsig_rtmem_outer.o(.text) for __rt_SIGRTMEM
    _get_argv_nomalloc.o(.text) refers to sys_command.o(.text) for _sys_command_string
    libshutdown.o(.ARM.Collect$$libshutdown$$00000000) refers (Special) to libshutdown2.o(.ARM.Collect$$libshutdown$$00000006) for __rt_lib_shutdown_fp_trap_1
    libshutdown.o(.ARM.Collect$$libshutdown$$00000000) refers (Special) to libshutdown2.o(.ARM.Collect$$libshutdown$$0000000E) for __rt_lib_shutdown_heap_1
    libshutdown.o(.ARM.Collect$$libshutdown$$00000000) refers (Special) to libshutdown2.o(.ARM.Collect$$libshutdown$$0000000F) for __rt_lib_shutdown_return
    libshutdown.o(.ARM.Collect$$libshutdown$$00000000) refers (Special) to libshutdown2.o(.ARM.Collect$$libshutdown$$00000009) for __rt_lib_shutdown_signal_1
    libshutdown.o(.ARM.Collect$$libshutdown$$00000000) refers (Special) to libshutdown2.o(.ARM.Collect$$libshutdown$$00000003) for __rt_lib_shutdown_stdio_1
    libshutdown.o(.ARM.Collect$$libshutdown$$00000000) refers (Special) to libshutdown2.o(.ARM.Collect$$libshutdown$$0000000B) for __rt_lib_shutdown_user_alloc_1
    sys_command.o(.text) refers (Special) to use_no_semi.o(.text) for __I$use$semihosting
    sys_command.o(.text) refers (Special) to indicate_semi.o(.text) for __semihosting_library_function
    defsig_rtmem_outer.o(.text) refers to defsig_rtmem_inner.o(.text) for __rt_SIGRTMEM_inner
    defsig_rtmem_outer.o(.text) refers to defsig_exit.o(.text) for __sig_exit
    defsig_rtmem_formal.o(.text) refers to rt_raise.o(.text) for __rt_raise
    rt_raise.o(.text) refers to __raise.o(.text) for __raise
    rt_raise.o(.text) refers to sys_exit.o(.text) for _sys_exit
    defsig_exit.o(.text) refers to sys_exit.o(.text) for _sys_exit
    defsig_rtmem_inner.o(.text) refers to defsig_general.o(.text) for __default_signal_display
    __raise.o(.text) refers to defsig.o(CL$$defsig) for __default_signal_handler
    defsig_general.o(.text) refers to sys_wrch.o(.text) for _ttywrch
    sys_wrch.o(.text) refers (Special) to use_no_semi.o(.text) for __I$use$semihosting
    sys_wrch.o(.text) refers (Special) to indicate_semi.o(.text) for __semihosting_library_function
    defsig.o(CL$$defsig) refers to defsig_rtmem_inner.o(.text) for __rt_SIGRTMEM_inner
    defsig_abrt_inner.o(.text) refers to defsig_general.o(.text) for __default_signal_display
    defsig_fpe_inner.o(.text) refers to defsig_general.o(.text) for __default_signal_display
    defsig_rtred_inner.o(.text) refers to defsig_general.o(.text) for __default_signal_display
    defsig_stak_inner.o(.text) refers to defsig_general.o(.text) for __default_signal_display
    defsig_pvfn_inner.o(.text) refers to defsig_general.o(.text) for __default_signal_display
    defsig_cppl_inner.o(.text) refers to defsig_general.o(.text) for __default_signal_display
    defsig_segv_inner.o(.text) refers to defsig_general.o(.text) for __default_signal_display
    defsig_other.o(.text) refers to defsig_general.o(.text) for __default_signal_display


==============================================================================

Removing Unused input sections from the image.

    Removing stm32f10x_it.o(.rev16_text), (4 bytes).
    Removing stm32f10x_it.o(.revsh_text), (4 bytes).
    Removing stm32f10x_it.o(.data), (4 bytes).
    Removing main.o(.rev16_text), (4 bytes).
    Removing main.o(.revsh_text), (4 bytes).
    Removing system_stm32f10x.o(.rev16_text), (4 bytes).
    Removing system_stm32f10x.o(.revsh_text), (4 bytes).
    Removing misc.o(.rev16_text), (4 bytes).
    Removing misc.o(.revsh_text), (4 bytes).
    Removing stm32f10x_gpio.o(.rev16_text), (4 bytes).
    Removing stm32f10x_gpio.o(.revsh_text), (4 bytes).
    Removing stm32f10x_rcc.o(.rev16_text), (4 bytes).
    Removing stm32f10x_rcc.o(.revsh_text), (4 bytes).
    Removing stm32f10x_tim.o(.rev16_text), (4 bytes).
    Removing stm32f10x_tim.o(.revsh_text), (4 bytes).
    Removing stm32f10x_tim.o(.text), (3610 bytes).
    Removing stm32f10x_usart.o(.rev16_text), (4 bytes).
    Removing stm32f10x_usart.o(.revsh_text), (4 bytes).
    Removing stm32f10x_spi.o(.rev16_text), (4 bytes).
    Removing stm32f10x_spi.o(.revsh_text), (4 bytes).
    Removing stm32f10x_dma.o(.rev16_text), (4 bytes).
    Removing stm32f10x_dma.o(.revsh_text), (4 bytes).
    Removing stm32f10x_pwr.o(.rev16_text), (4 bytes).
    Removing stm32f10x_pwr.o(.revsh_text), (4 bytes).
    Removing stm32f10x_rtc.o(.rev16_text), (4 bytes).
    Removing stm32f10x_rtc.o(.revsh_text), (4 bytes).
    Removing stm32f10x_bkp.o(.rev16_text), (4 bytes).
    Removing stm32f10x_bkp.o(.revsh_text), (4 bytes).
    Removing stm32f10x_can.o(.rev16_text), (4 bytes).
    Removing stm32f10x_can.o(.revsh_text), (4 bytes).
    Removing mcu_board.o(.rev16_text), (4 bytes).
    Removing mcu_board.o(.revsh_text), (4 bytes).
    Removing sdcard.o(.rev16_text), (4 bytes).
    Removing sdcard.o(.revsh_text), (4 bytes).
    Removing valve.o(.rev16_text), (4 bytes).
    Removing valve.o(.revsh_text), (4 bytes).
    Removing war.o(.rev16_text), (4 bytes).
    Removing war.o(.revsh_text), (4 bytes).
    Removing com.o(.rev16_text), (4 bytes).
    Removing com.o(.revsh_text), (4 bytes).
    Removing diag.o(.rev16_text), (4 bytes).
    Removing diag.o(.revsh_text), (4 bytes).
    Removing mem.o(.rev16_text), (4 bytes).
    Removing mem.o(.revsh_text), (4 bytes).
    Removing app.o(.rev16_text), (4 bytes).
    Removing app.o(.revsh_text), (4 bytes).

46 unused section(s) (total 3790 bytes) removed from the image.

==============================================================================

Image Symbol Table

    Local Symbols

    Symbol Name                              Value     Ov Type        Size  Object(Section)

    ../clib/angel/boardlib.s                 0x00000000   Number         0  boardshut.o ABSOLUTE
    ../clib/angel/boardlib.s                 0x00000000   Number         0  boardinit2.o ABSOLUTE
    ../clib/angel/boardlib.s                 0x00000000   Number         0  boardinit1.o ABSOLUTE
    ../clib/angel/boardlib.s                 0x00000000   Number         0  boardinit3.o ABSOLUTE
    ../clib/angel/handlers.s                 0x00000000   Number         0  __scatter_zi.o ABSOLUTE
    ../clib/angel/handlers.s                 0x00000000   Number         0  __scatter_copy.o ABSOLUTE
    ../clib/angel/kernel.s                   0x00000000   Number         0  rtexit.o ABSOLUTE
    ../clib/angel/kernel.s                   0x00000000   Number         0  rtexit2.o ABSOLUTE
    ../clib/angel/kernel.s                   0x00000000   Number         0  rtentry.o ABSOLUTE
    ../clib/angel/kernel.s                   0x00000000   Number         0  rtentry2.o ABSOLUTE
    ../clib/angel/kernel.s                   0x00000000   Number         0  rtentry4.o ABSOLUTE
    ../clib/angel/rt.s                       0x00000000   Number         0  rt_raise.o ABSOLUTE
    ../clib/angel/scatter.s                  0x00000000   Number         0  __scatter.o ABSOLUTE
    ../clib/angel/startup.s                  0x00000000   Number         0  __main.o ABSOLUTE
    ../clib/angel/sys.s                      0x00000000   Number         0  libspace.o ABSOLUTE
    ../clib/angel/sys.s                      0x00000000   Number         0  use_no_semi.o ABSOLUTE
    ../clib/angel/sys.s                      0x00000000   Number         0  indicate_semi.o ABSOLUTE
    ../clib/angel/sys.s                      0x00000000   Number         0  sys_stackheap_outer.o ABSOLUTE
    ../clib/angel/sysapp.c                   0x00000000   Number         0  sys_command.o ABSOLUTE
    ../clib/angel/sysapp.c                   0x00000000   Number         0  sys_wrch.o ABSOLUTE
    ../clib/angel/sysapp.c                   0x00000000   Number         0  sys_exit.o ABSOLUTE
    ../clib/armsys.c                         0x00000000   Number         0  _get_argv_nomalloc.o ABSOLUTE
    ../clib/armsys.c                         0x00000000   Number         0  argv_veneer.o ABSOLUTE
    ../clib/armsys.c                         0x00000000   Number         0  no_argv.o ABSOLUTE
    ../clib/armsys.c                         0x00000000   Number         0  argv_veneer.o ABSOLUTE
    ../clib/heapalloc.c                      0x00000000   Number         0  hrguard.o ABSOLUTE
    ../clib/heapaux.c                        0x00000000   Number         0  heapauxi.o ABSOLUTE
    ../clib/libinit.s                        0x00000000   Number         0  libshutdown.o ABSOLUTE
    ../clib/libinit.s                        0x00000000   Number         0  libinit.o ABSOLUTE
    ../clib/libinit.s                        0x00000000   Number         0  libshutdown2.o ABSOLUTE
    ../clib/libinit.s                        0x00000000   Number         0  libinit2.o ABSOLUTE
    ../clib/memcpset.s                       0x00000000   Number         0  rt_memcpy_w.o ABSOLUTE
    ../clib/signal.c                         0x00000000   Number         0  defsig_rtmem_formal.o ABSOLUTE
    ../clib/signal.c                         0x00000000   Number         0  defsig_rtmem_outer.o ABSOLUTE
    ../clib/signal.c                         0x00000000   Number         0  defsig_other.o ABSOLUTE
    ../clib/signal.c                         0x00000000   Number         0  defsig_segv_inner.o ABSOLUTE
    ../clib/signal.c                         0x00000000   Number         0  defsig_cppl_inner.o ABSOLUTE
    ../clib/signal.c                         0x00000000   Number         0  defsig_pvfn_inner.o ABSOLUTE
    ../clib/signal.c                         0x00000000   Number         0  defsig_stak_inner.o ABSOLUTE
    ../clib/signal.c                         0x00000000   Number         0  defsig_rtmem_inner.o ABSOLUTE
    ../clib/signal.c                         0x00000000   Number         0  defsig_rtred_inner.o ABSOLUTE
    ../clib/signal.c                         0x00000000   Number         0  defsig_fpe_inner.o ABSOLUTE
    ../clib/signal.c                         0x00000000   Number         0  defsig_abrt_inner.o ABSOLUTE
    ../clib/signal.c                         0x00000000   Number         0  defsig_general.o ABSOLUTE
    ../clib/signal.c                         0x00000000   Number         0  __raise.o ABSOLUTE
    ../clib/signal.c                         0x00000000   Number         0  defsig_exit.o ABSOLUTE
    ../clib/signal.s                         0x00000000   Number         0  defsig.o ABSOLUTE
    ../clib/stdlib.c                         0x00000000   Number         0  exit.o ABSOLUTE
    ../fplib/fpinit.s                        0x00000000   Number         0  fpinit.o ABSOLUTE
    ..\App\app.c                             0x00000000   Number         0  app.o ABSOLUTE
    ..\DevLib\mcu_board.c                    0x00000000   Number         0  mcu_board.o ABSOLUTE
    ..\DevLib\sdcard.c                       0x00000000   Number         0  sdcard.o ABSOLUTE
    ..\DevLib\utility.c                      0x00000000   Number         0  utility.o ABSOLUTE
    ..\DevLib\valve.c                        0x00000000   Number         0  valve.o ABSOLUTE
    ..\STM32\system_stm32f10x.c              0x00000000   Number         0  system_stm32f10x.o ABSOLUTE
    ..\Startup\arm\startup_stm32f10x_md.s    0x00000000   Number         0  startup_stm32f10x_md.o ABSOLUTE
    ..\StdPeriphLib\src\misc.c               0x00000000   Number         0  misc.o ABSOLUTE
    ..\StdPeriphLib\src\stm32f10x_bkp.c      0x00000000   Number         0  stm32f10x_bkp.o ABSOLUTE
    ..\StdPeriphLib\src\stm32f10x_can.c      0x00000000   Number         0  stm32f10x_can.o ABSOLUTE
    ..\StdPeriphLib\src\stm32f10x_dma.c      0x00000000   Number         0  stm32f10x_dma.o ABSOLUTE
    ..\StdPeriphLib\src\stm32f10x_gpio.c     0x00000000   Number         0  stm32f10x_gpio.o ABSOLUTE
    ..\StdPeriphLib\src\stm32f10x_pwr.c      0x00000000   Number         0  stm32f10x_pwr.o ABSOLUTE
    ..\StdPeriphLib\src\stm32f10x_rcc.c      0x00000000   Number         0  stm32f10x_rcc.o ABSOLUTE
    ..\StdPeriphLib\src\stm32f10x_rtc.c      0x00000000   Number         0  stm32f10x_rtc.o ABSOLUTE
    ..\StdPeriphLib\src\stm32f10x_spi.c      0x00000000   Number         0  stm32f10x_spi.o ABSOLUTE
    ..\StdPeriphLib\src\stm32f10x_tim.c      0x00000000   Number         0  stm32f10x_tim.o ABSOLUTE
    ..\StdPeriphLib\src\stm32f10x_usart.c    0x00000000   Number         0  stm32f10x_usart.o ABSOLUTE
    ..\War\com.c                             0x00000000   Number         0  com.o ABSOLUTE
    ..\War\diag.c                            0x00000000   Number         0  diag.o ABSOLUTE
    ..\War\mem.c                             0x00000000   Number         0  mem.o ABSOLUTE
    ..\War\war.c                             0x00000000   Number         0  war.o ABSOLUTE
    ..\\App\\app.c                           0x00000000   Number         0  app.o ABSOLUTE
    ..\\DevLib\\mcu_board.c                  0x00000000   Number         0  mcu_board.o ABSOLUTE
    ..\\DevLib\\sdcard.c                     0x00000000   Number         0  sdcard.o ABSOLUTE
    ..\\DevLib\\valve.c                      0x00000000   Number         0  valve.o ABSOLUTE
    ..\\STM32\\system_stm32f10x.c            0x00000000   Number         0  system_stm32f10x.o ABSOLUTE
    ..\\StdPeriphLib\\src\\misc.c            0x00000000   Number         0  misc.o ABSOLUTE
    ..\\StdPeriphLib\\src\\stm32f10x_bkp.c   0x00000000   Number         0  stm32f10x_bkp.o ABSOLUTE
    ..\\StdPeriphLib\\src\\stm32f10x_can.c   0x00000000   Number         0  stm32f10x_can.o ABSOLUTE
    ..\\StdPeriphLib\\src\\stm32f10x_dma.c   0x00000000   Number         0  stm32f10x_dma.o ABSOLUTE
    ..\\StdPeriphLib\\src\\stm32f10x_gpio.c  0x00000000   Number         0  stm32f10x_gpio.o ABSOLUTE
    ..\\StdPeriphLib\\src\\stm32f10x_pwr.c   0x00000000   Number         0  stm32f10x_pwr.o ABSOLUTE
    ..\\StdPeriphLib\\src\\stm32f10x_rcc.c   0x00000000   Number         0  stm32f10x_rcc.o ABSOLUTE
    ..\\StdPeriphLib\\src\\stm32f10x_rtc.c   0x00000000   Number         0  stm32f10x_rtc.o ABSOLUTE
    ..\\StdPeriphLib\\src\\stm32f10x_spi.c   0x00000000   Number         0  stm32f10x_spi.o ABSOLUTE
    ..\\StdPeriphLib\\src\\stm32f10x_tim.c   0x00000000   Number         0  stm32f10x_tim.o ABSOLUTE
    ..\\StdPeriphLib\\src\\stm32f10x_usart.c 0x00000000   Number         0  stm32f10x_usart.o ABSOLUTE
    ..\\War\\com.c                           0x00000000   Number         0  com.o ABSOLUTE
    ..\\War\\diag.c                          0x00000000   Number         0  diag.o ABSOLUTE
    ..\\War\\mem.c                           0x00000000   Number         0  mem.o ABSOLUTE
    ..\\War\\war.c                           0x00000000   Number         0  war.o ABSOLUTE
    User\\main.c                             0x00000000   Number         0  main.o ABSOLUTE
    User\\stm32f10x_it.c                     0x00000000   Number         0  stm32f10x_it.o ABSOLUTE
    User\main.c                              0x00000000   Number         0  main.o ABSOLUTE
    User\stm32f10x_it.c                      0x00000000   Number         0  stm32f10x_it.o ABSOLUTE
    dc.s                                     0x00000000   Number         0  dc.o ABSOLUTE
    RESET                                    0x08000000   Section      236  startup_stm32f10x_md.o(RESET)
    !!!main                                  0x080000ec   Section        8  __main.o(!!!main)
    !!!scatter                               0x080000f4   Section       52  __scatter.o(!!!scatter)
    !!handler_copy                           0x08000128   Section       26  __scatter_copy.o(!!handler_copy)
    !!handler_zi                             0x08000144   Section       28  __scatter_zi.o(!!handler_zi)
    .ARM.Collect$$libinit$$00000000          0x08000160   Section        2  libinit.o(.ARM.Collect$$libinit$$00000000)
    .ARM.Collect$$libinit$$00000002          0x08000162   Section        0  libinit2.o(.ARM.Collect$$libinit$$00000002)
    .ARM.Collect$$libinit$$00000008          0x08000162   Section        0  libinit2.o(.ARM.Collect$$libinit$$00000008)
    .ARM.Collect$$libinit$$0000000A          0x08000162   Section        0  libinit2.o(.ARM.Collect$$libinit$$0000000A)
    .ARM.Collect$$libinit$$0000000C          0x08000162   Section        0  libinit2.o(.ARM.Collect$$libinit$$0000000C)
    .ARM.Collect$$libinit$$0000000F          0x08000162   Section        0  libinit2.o(.ARM.Collect$$libinit$$0000000F)
    .ARM.Collect$$libinit$$00000011          0x08000162   Section        0  libinit2.o(.ARM.Collect$$libinit$$00000011)
    .ARM.Collect$$libinit$$00000013          0x08000162   Section        0  libinit2.o(.ARM.Collect$$libinit$$00000013)
    .ARM.Collect$$libinit$$00000015          0x08000162   Section        0  libinit2.o(.ARM.Collect$$libinit$$00000015)
    .ARM.Collect$$libinit$$00000017          0x08000162   Section        0  libinit2.o(.ARM.Collect$$libinit$$00000017)
    .ARM.Collect$$libinit$$00000019          0x08000162   Section        0  libinit2.o(.ARM.Collect$$libinit$$00000019)
    .ARM.Collect$$libinit$$0000001B          0x08000162   Section        0  libinit2.o(.ARM.Collect$$libinit$$0000001B)
    .ARM.Collect$$libinit$$0000001D          0x08000162   Section        0  libinit2.o(.ARM.Collect$$libinit$$0000001D)
    .ARM.Collect$$libinit$$0000001F          0x08000162   Section        0  libinit2.o(.ARM.Collect$$libinit$$0000001F)
    .ARM.Collect$$libinit$$00000021          0x08000162   Section        0  libinit2.o(.ARM.Collect$$libinit$$00000021)
    .ARM.Collect$$libinit$$00000023          0x08000162   Section        0  libinit2.o(.ARM.Collect$$libinit$$00000023)
    .ARM.Collect$$libinit$$0000002A          0x08000162   Section        0  libinit2.o(.ARM.Collect$$libinit$$0000002A)
    .ARM.Collect$$libinit$$0000002C          0x08000162   Section        0  libinit2.o(.ARM.Collect$$libinit$$0000002C)
    .ARM.Collect$$libinit$$0000002E          0x08000162   Section        0  libinit2.o(.ARM.Collect$$libinit$$0000002E)
    .ARM.Collect$$libinit$$00000030          0x08000162   Section        0  libinit2.o(.ARM.Collect$$libinit$$00000030)
    .ARM.Collect$$libinit$$00000031          0x08000162   Section        2  libinit2.o(.ARM.Collect$$libinit$$00000031)
    .ARM.Collect$$libshutdown$$00000000      0x08000164   Section        2  libshutdown.o(.ARM.Collect$$libshutdown$$00000000)
    .ARM.Collect$$libshutdown$$00000003      0x08000166   Section        0  libshutdown2.o(.ARM.Collect$$libshutdown$$00000003)
    .ARM.Collect$$libshutdown$$00000006      0x08000166   Section        0  libshutdown2.o(.ARM.Collect$$libshutdown$$00000006)
    .ARM.Collect$$libshutdown$$00000009      0x08000166   Section        0  libshutdown2.o(.ARM.Collect$$libshutdown$$00000009)
    .ARM.Collect$$libshutdown$$0000000B      0x08000166   Section        0  libshutdown2.o(.ARM.Collect$$libshutdown$$0000000B)
    .ARM.Collect$$libshutdown$$0000000E      0x08000166   Section        0  libshutdown2.o(.ARM.Collect$$libshutdown$$0000000E)
    .ARM.Collect$$libshutdown$$0000000F      0x08000166   Section        2  libshutdown2.o(.ARM.Collect$$libshutdown$$0000000F)
    .ARM.Collect$$rtentry$$00000000          0x08000168   Section        0  rtentry.o(.ARM.Collect$$rtentry$$00000000)
    .ARM.Collect$$rtentry$$00000002          0x08000168   Section        0  rtentry2.o(.ARM.Collect$$rtentry$$00000002)
    .ARM.Collect$$rtentry$$00000004          0x08000168   Section        6  rtentry4.o(.ARM.Collect$$rtentry$$00000004)
    .ARM.Collect$$rtentry$$00000009          0x0800016e   Section        0  rtentry2.o(.ARM.Collect$$rtentry$$00000009)
    .ARM.Collect$$rtentry$$0000000A          0x0800016e   Section        4  rtentry2.o(.ARM.Collect$$rtentry$$0000000A)
    .ARM.Collect$$rtentry$$0000000C          0x08000172   Section        0  rtentry2.o(.ARM.Collect$$rtentry$$0000000C)
    .ARM.Collect$$rtentry$$0000000D          0x08000172   Section        8  rtentry2.o(.ARM.Collect$$rtentry$$0000000D)
    .ARM.Collect$$rtexit$$00000000           0x0800017a   Section        2  rtexit.o(.ARM.Collect$$rtexit$$00000000)
    .ARM.Collect$$rtexit$$00000002           0x0800017c   Section        0  rtexit2.o(.ARM.Collect$$rtexit$$00000002)
    .ARM.Collect$$rtexit$$00000003           0x0800017c   Section        4  rtexit2.o(.ARM.Collect$$rtexit$$00000003)
    .ARM.Collect$$rtexit$$00000004           0x08000180   Section        6  rtexit2.o(.ARM.Collect$$rtexit$$00000004)
    .text                                    0x08000188   Section       64  startup_stm32f10x_md.o(.text)
    .text                                    0x080001c8   Section        0  stm32f10x_it.o(.text)
    .text                                    0x080001e0   Section        0  main.o(.text)
    .text                                    0x080002f8   Section        0  system_stm32f10x.o(.text)
    SetSysClockTo72                          0x080002f9   Thumb Code   212  system_stm32f10x.o(.text)
    SetSysClock                              0x080003cd   Thumb Code     8  system_stm32f10x.o(.text)
    .text                                    0x080004d8   Section        0  misc.o(.text)
    .text                                    0x080005b4   Section        0  stm32f10x_gpio.o(.text)
    .text                                    0x0800090c   Section        0  stm32f10x_rcc.o(.text)
    .text                                    0x08000cb4   Section        0  stm32f10x_usart.o(.text)
    .text                                    0x080010bc   Section        0  stm32f10x_spi.o(.text)
    .text                                    0x080013c8   Section        0  stm32f10x_dma.o(.text)
    .text                                    0x08001618   Section        0  stm32f10x_pwr.o(.text)
    .text                                    0x080016e4   Section        0  stm32f10x_rtc.o(.text)
    .text                                    0x08001828   Section        0  stm32f10x_bkp.o(.text)
    .text                                    0x080018ec   Section        0  stm32f10x_can.o(.text)
    CheckITStatus                            0x080020ef   Thumb Code    16  stm32f10x_can.o(.text)
    .text                                    0x080022d8   Section        0  mcu_board.o(.text)
    .text                                    0x08002ed8   Section        0  sdcard.o(.text)
    .text                                    0x080034b0   Section        0  utility.o(.text)
    .text                                    0x080036e0   Section        0  valve.o(.text)
    .text                                    0x080037b0   Section        0  war.o(.text)
    .text                                    0x08004108   Section        0  com.o(.text)
    .text                                    0x08004280   Section        0  diag.o(.text)
    .text                                    0x08004284   Section        0  mem.o(.text)
    .text                                    0x0800461c   Section        0  app.o(.text)
    .text                                    0x08004a90   Section      100  rt_memcpy_w.o(.text)
    .text                                    0x08004af4   Section        0  heapauxi.o(.text)
    .text                                    0x08004afa   Section       74  sys_stackheap_outer.o(.text)
    .text                                    0x08004b44   Section        0  exit.o(.text)
    .text                                    0x08004b50   Section        8  libspace.o(.text)
    .text                                    0x08004b58   Section        0  sys_exit.o(.text)
    .text                                    0x08004b64   Section        2  use_no_semi.o(.text)
    .text                                    0x08004b66   Section        0  indicate_semi.o(.text)
    .constdata                               0x08004b68   Section       28  utility.o(.constdata)
    .constdata                               0x08004b84   Section    11808  war.o(.constdata)
    .constdata                               0x080079a4   Section        5  app.o(.constdata)
    .conststring                             0x080079a9   Section       28  utility.o(.conststring)
    .conststring                             0x080079c5   Section        5  app.o(.conststring)
    .data                                    0x20000000   Section       25  main.o(.data)
    .data                                    0x2000001c   Section       20  system_stm32f10x.o(.data)
    .data                                    0x20000030   Section       20  stm32f10x_rcc.o(.data)
    APBAHBPrescTable                         0x20000030   Data          16  stm32f10x_rcc.o(.data)
    ADCPrescTable                            0x20000040   Data           4  stm32f10x_rcc.o(.data)
    .data                                    0x20000044   Section       48  mcu_board.o(.data)
    count10ms                                0x2000005c   Data           4  mcu_board.o(.data)
    count500ms                               0x20000060   Data           4  mcu_board.o(.data)
    countCheckdata                           0x20000064   Data           4  mcu_board.o(.data)
    .data                                    0x20000074   Section       12  sdcard.o(.data)
    Timer1                                   0x20000078   Data           4  sdcard.o(.data)
    Timer2                                   0x2000007c   Data           4  sdcard.o(.data)
    .data                                    0x20000080   Section       52  war.o(.data)
    .data                                    0x200000b4   Section        2  com.o(.data)
    enTim                                    0x200000b4   Data           1  com.o(.data)
    .data                                    0x200000b8   Section        6  app.o(.data)
    ind                                      0x200000bc   Data           1  app.o(.data)
    spt_add                                  0x200000bd   Data           1  app.o(.data)
    .bss                                     0x200000c0   Section     5000  mcu_board.o(.bss)
    .bss                                     0x20001448   Section       48  sdcard.o(.bss)
    .bss                                     0x20001478   Section       64  valve.o(.bss)
    .bss                                     0x200014b8   Section       12  com.o(.bss)
    .bss                                     0x200014c4   Section      556  mem.o(.bss)
    .bss                                     0x200016f0   Section     5612  app.o(.bss)
    .bss                                     0x20002cdc   Section       96  libspace.o(.bss)
    HEAP                                     0x20002d40   Section      512  startup_stm32f10x_md.o(HEAP)
    Heap_Mem                                 0x20002d40   Data         512  startup_stm32f10x_md.o(HEAP)
    STACK                                    0x20002f40   Section     7000  startup_stm32f10x_md.o(STACK)
    Stack_Mem                                0x20002f40   Data        7000  startup_stm32f10x_md.o(STACK)
    __initial_sp                             0x20004a98   Data           0  startup_stm32f10x_md.o(STACK)

    Global Symbols

    Symbol Name                              Value     Ov Type        Size  Object(Section)

    BuildAttributes$$THM_ISAv4$P$D$K$B$S$PE$A:L22UL41UL21$X:L11$S22US41US21$IEEE1$IW$USESV6$~STKCKD$USESV7$~SHL$OSPACE$ROPI$EBA8$UX$STANDARDLIB$REQ8$PRES8$EABIv2 0x00000000   Number         0  anon$$obj.o ABSOLUTE
    __ARM_use_no_argv                        0x00000000   Number         0  main.o ABSOLUTE
    __ARM_exceptions_init                     - Undefined Weak Reference
    __alloca_initialize                       - Undefined Weak Reference
    __cpp_initialize__aeabi_                  - Undefined Weak Reference
    __cxa_finalize                            - Undefined Weak Reference
    __rt_locale                               - Undefined Weak Reference
    __sigvec_lookup                           - Undefined Weak Reference
    _atexit_init                              - Undefined Weak Reference
    _call_atexit_fns                          - Undefined Weak Reference
    _clock_init                               - Undefined Weak Reference
    _fp_trap_init                             - Undefined Weak Reference
    _fp_trap_shutdown                         - Undefined Weak Reference
    _get_lc_collate                           - Undefined Weak Reference
    _get_lc_ctype                             - Undefined Weak Reference
    _get_lc_monetary                          - Undefined Weak Reference
    _get_lc_numeric                           - Undefined Weak Reference
    _get_lc_time                              - Undefined Weak Reference
    _getenv_init                              - Undefined Weak Reference
    _handle_redirection                       - Undefined Weak Reference
    _init_alloc                               - Undefined Weak Reference
    _init_user_alloc                          - Undefined Weak Reference
    _initio                                   - Undefined Weak Reference
    _rand_init                                - Undefined Weak Reference
    _signal_finish                            - Undefined Weak Reference
    _signal_init                              - Undefined Weak Reference
    _terminate_alloc                          - Undefined Weak Reference
    _terminate_user_alloc                     - Undefined Weak Reference
    _terminateio                              - Undefined Weak Reference
    __Vectors_Size                           0x000000ec   Number         0  startup_stm32f10x_md.o ABSOLUTE
    __Vectors                                0x08000000   Data           4  startup_stm32f10x_md.o(RESET)
    __Vectors_End                            0x080000ec   Data           0  startup_stm32f10x_md.o(RESET)
    __main                                   0x080000ed   Thumb Code     8  __main.o(!!!main)
    __scatterload                            0x080000f5   Thumb Code     0  __scatter.o(!!!scatter)
    __scatterload_rt2                        0x080000f5   Thumb Code    44  __scatter.o(!!!scatter)
    __scatterload_rt2_thumb_only             0x080000f5   Thumb Code     0  __scatter.o(!!!scatter)
    __scatterload_null                       0x08000103   Thumb Code     0  __scatter.o(!!!scatter)
    __scatterload_copy                       0x08000129   Thumb Code    26  __scatter_copy.o(!!handler_copy)
    __scatterload_zeroinit                   0x08000145   Thumb Code    28  __scatter_zi.o(!!handler_zi)
    __rt_lib_init                            0x08000161   Thumb Code     0  libinit.o(.ARM.Collect$$libinit$$00000000)
    __rt_lib_init_alloca_1                   0x08000163   Thumb Code     0  libinit2.o(.ARM.Collect$$libinit$$0000002C)
    __rt_lib_init_argv_1                     0x08000163   Thumb Code     0  libinit2.o(.ARM.Collect$$libinit$$0000002A)
    __rt_lib_init_atexit_1                   0x08000163   Thumb Code     0  libinit2.o(.ARM.Collect$$libinit$$00000019)
    __rt_lib_init_clock_1                    0x08000163   Thumb Code     0  libinit2.o(.ARM.Collect$$libinit$$0000001F)
    __rt_lib_init_cpp_1                      0x08000163   Thumb Code     0  libinit2.o(.ARM.Collect$$libinit$$00000030)
    __rt_lib_init_exceptions_1               0x08000163   Thumb Code     0  libinit2.o(.ARM.Collect$$libinit$$0000002E)
    __rt_lib_init_fp_1                       0x08000163   Thumb Code     0  libinit2.o(.ARM.Collect$$libinit$$00000002)
    __rt_lib_init_fp_trap_1                  0x08000163   Thumb Code     0  libinit2.o(.ARM.Collect$$libinit$$0000001D)
    __rt_lib_init_getenv_1                   0x08000163   Thumb Code     0  libinit2.o(.ARM.Collect$$libinit$$00000021)
    __rt_lib_init_heap_1                     0x08000163   Thumb Code     0  libinit2.o(.ARM.Collect$$libinit$$00000008)
    __rt_lib_init_lc_collate_1               0x08000163   Thumb Code     0  libinit2.o(.ARM.Collect$$libinit$$0000000F)
    __rt_lib_init_lc_ctype_1                 0x08000163   Thumb Code     0  libinit2.o(.ARM.Collect$$libinit$$00000011)
    __rt_lib_init_lc_monetary_1              0x08000163   Thumb Code     0  libinit2.o(.ARM.Collect$$libinit$$00000013)
    __rt_lib_init_lc_numeric_1               0x08000163   Thumb Code     0  libinit2.o(.ARM.Collect$$libinit$$00000015)
    __rt_lib_init_lc_time_1                  0x08000163   Thumb Code     0  libinit2.o(.ARM.Collect$$libinit$$00000017)
    __rt_lib_init_rand_1                     0x08000163   Thumb Code     0  libinit2.o(.ARM.Collect$$libinit$$0000000C)
    __rt_lib_init_return                     0x08000163   Thumb Code     0  libinit2.o(.ARM.Collect$$libinit$$00000031)
    __rt_lib_init_signal_1                   0x08000163   Thumb Code     0  libinit2.o(.ARM.Collect$$libinit$$0000001B)
    __rt_lib_init_stdio_1                    0x08000163   Thumb Code     0  libinit2.o(.ARM.Collect$$libinit$$00000023)
    __rt_lib_init_user_alloc_1               0x08000163   Thumb Code     0  libinit2.o(.ARM.Collect$$libinit$$0000000A)
    __rt_lib_shutdown                        0x08000165   Thumb Code     0  libshutdown.o(.ARM.Collect$$libshutdown$$00000000)
    __rt_lib_shutdown_fp_trap_1              0x08000167   Thumb Code     0  libshutdown2.o(.ARM.Collect$$libshutdown$$00000006)
    __rt_lib_shutdown_heap_1                 0x08000167   Thumb Code     0  libshutdown2.o(.ARM.Collect$$libshutdown$$0000000E)
    __rt_lib_shutdown_return                 0x08000167   Thumb Code     0  libshutdown2.o(.ARM.Collect$$libshutdown$$0000000F)
    __rt_lib_shutdown_signal_1               0x08000167   Thumb Code     0  libshutdown2.o(.ARM.Collect$$libshutdown$$00000009)
    __rt_lib_shutdown_stdio_1                0x08000167   Thumb Code     0  libshutdown2.o(.ARM.Collect$$libshutdown$$00000003)
    __rt_lib_shutdown_user_alloc_1           0x08000167   Thumb Code     0  libshutdown2.o(.ARM.Collect$$libshutdown$$0000000B)
    __rt_entry                               0x08000169   Thumb Code     0  rtentry.o(.ARM.Collect$$rtentry$$00000000)
    __rt_entry_presh_1                       0x08000169   Thumb Code     0  rtentry2.o(.ARM.Collect$$rtentry$$00000002)
    __rt_entry_sh                            0x08000169   Thumb Code     0  rtentry4.o(.ARM.Collect$$rtentry$$00000004)
    __rt_entry_li                            0x0800016f   Thumb Code     0  rtentry2.o(.ARM.Collect$$rtentry$$0000000A)
    __rt_entry_postsh_1                      0x0800016f   Thumb Code     0  rtentry2.o(.ARM.Collect$$rtentry$$00000009)
    __rt_entry_main                          0x08000173   Thumb Code     0  rtentry2.o(.ARM.Collect$$rtentry$$0000000D)
    __rt_entry_postli_1                      0x08000173   Thumb Code     0  rtentry2.o(.ARM.Collect$$rtentry$$0000000C)
    __rt_exit                                0x0800017b   Thumb Code     0  rtexit.o(.ARM.Collect$$rtexit$$00000000)
    __rt_exit_ls                             0x0800017d   Thumb Code     0  rtexit2.o(.ARM.Collect$$rtexit$$00000003)
    __rt_exit_prels_1                        0x0800017d   Thumb Code     0  rtexit2.o(.ARM.Collect$$rtexit$$00000002)
    __rt_exit_exit                           0x08000181   Thumb Code     0  rtexit2.o(.ARM.Collect$$rtexit$$00000004)
    Reset_Handler                            0x08000189   Thumb Code     8  startup_stm32f10x_md.o(.text)
    ADC1_2_IRQHandler                        0x080001a3   Thumb Code     0  startup_stm32f10x_md.o(.text)
    CAN1_RX1_IRQHandler                      0x080001a3   Thumb Code     0  startup_stm32f10x_md.o(.text)
    CAN1_SCE_IRQHandler                      0x080001a3   Thumb Code     0  startup_stm32f10x_md.o(.text)
    DMA1_Channel1_IRQHandler                 0x080001a3   Thumb Code     0  startup_stm32f10x_md.o(.text)
    DMA1_Channel2_IRQHandler                 0x080001a3   Thumb Code     0  startup_stm32f10x_md.o(.text)
    DMA1_Channel3_IRQHandler                 0x080001a3   Thumb Code     0  startup_stm32f10x_md.o(.text)
    DMA1_Channel6_IRQHandler                 0x080001a3   Thumb Code     0  startup_stm32f10x_md.o(.text)
    DMA1_Channel7_IRQHandler                 0x080001a3   Thumb Code     0  startup_stm32f10x_md.o(.text)
    EXTI0_IRQHandler                         0x080001a3   Thumb Code     0  startup_stm32f10x_md.o(.text)
    EXTI15_10_IRQHandler                     0x080001a3   Thumb Code     0  startup_stm32f10x_md.o(.text)
    EXTI1_IRQHandler                         0x080001a3   Thumb Code     0  startup_stm32f10x_md.o(.text)
    EXTI2_IRQHandler                         0x080001a3   Thumb Code     0  startup_stm32f10x_md.o(.text)
    EXTI3_IRQHandler                         0x080001a3   Thumb Code     0  startup_stm32f10x_md.o(.text)
    EXTI4_IRQHandler                         0x080001a3   Thumb Code     0  startup_stm32f10x_md.o(.text)
    EXTI9_5_IRQHandler                       0x080001a3   Thumb Code     0  startup_stm32f10x_md.o(.text)
    FLASH_IRQHandler                         0x080001a3   Thumb Code     0  startup_stm32f10x_md.o(.text)
    I2C1_ER_IRQHandler                       0x080001a3   Thumb Code     0  startup_stm32f10x_md.o(.text)
    I2C1_EV_IRQHandler                       0x080001a3   Thumb Code     0  startup_stm32f10x_md.o(.text)
    I2C2_ER_IRQHandler                       0x080001a3   Thumb Code     0  startup_stm32f10x_md.o(.text)
    I2C2_EV_IRQHandler                       0x080001a3   Thumb Code     0  startup_stm32f10x_md.o(.text)
    PVD_IRQHandler                           0x080001a3   Thumb Code     0  startup_stm32f10x_md.o(.text)
    RCC_IRQHandler                           0x080001a3   Thumb Code     0  startup_stm32f10x_md.o(.text)
    RTCAlarm_IRQHandler                      0x080001a3   Thumb Code     0  startup_stm32f10x_md.o(.text)
    SPI1_IRQHandler                          0x080001a3   Thumb Code     0  startup_stm32f10x_md.o(.text)
    SPI2_IRQHandler                          0x080001a3   Thumb Code     0  startup_stm32f10x_md.o(.text)
    TAMPER_IRQHandler                        0x080001a3   Thumb Code     0  startup_stm32f10x_md.o(.text)
    TIM1_BRK_IRQHandler                      0x080001a3   Thumb Code     0  startup_stm32f10x_md.o(.text)
    TIM1_CC_IRQHandler                       0x080001a3   Thumb Code     0  startup_stm32f10x_md.o(.text)
    TIM1_TRG_COM_IRQHandler                  0x080001a3   Thumb Code     0  startup_stm32f10x_md.o(.text)
    TIM1_UP_IRQHandler                       0x080001a3   Thumb Code     0  startup_stm32f10x_md.o(.text)
    TIM2_IRQHandler                          0x080001a3   Thumb Code     0  startup_stm32f10x_md.o(.text)
    TIM3_IRQHandler                          0x080001a3   Thumb Code     0  startup_stm32f10x_md.o(.text)
    TIM4_IRQHandler                          0x080001a3   Thumb Code     0  startup_stm32f10x_md.o(.text)
    USART1_IRQHandler                        0x080001a3   Thumb Code     0  startup_stm32f10x_md.o(.text)
    USART2_IRQHandler                        0x080001a3   Thumb Code     0  startup_stm32f10x_md.o(.text)
    USART3_IRQHandler                        0x080001a3   Thumb Code     0  startup_stm32f10x_md.o(.text)
    USBWakeUp_IRQHandler                     0x080001a3   Thumb Code     0  startup_stm32f10x_md.o(.text)
    USB_HP_CAN1_TX_IRQHandler                0x080001a3   Thumb Code     0  startup_stm32f10x_md.o(.text)
    WWDG_IRQHandler                          0x080001a3   Thumb Code     0  startup_stm32f10x_md.o(.text)
    __user_initial_stackheap                 0x080001a5   Thumb Code     0  startup_stm32f10x_md.o(.text)
    NMI_Handler                              0x080001c9   Thumb Code     2  stm32f10x_it.o(.text)
    HardFault_Handler                        0x080001cb   Thumb Code     4  stm32f10x_it.o(.text)
    MemManage_Handler                        0x080001cf   Thumb Code     4  stm32f10x_it.o(.text)
    BusFault_Handler                         0x080001d3   Thumb Code     4  stm32f10x_it.o(.text)
    UsageFault_Handler                       0x080001d7   Thumb Code     4  stm32f10x_it.o(.text)
    SVC_Handler                              0x080001db   Thumb Code     2  stm32f10x_it.o(.text)
    DebugMon_Handler                         0x080001dd   Thumb Code     2  stm32f10x_it.o(.text)
    PendSV_Handler                           0x080001df   Thumb Code     2  stm32f10x_it.o(.text)
    main                                     0x080001e1   Thumb Code   266  main.o(.text)
    SystemInit                               0x080003d5   Thumb Code    78  system_stm32f10x.o(.text)
    SystemCoreClockUpdate                    0x08000423   Thumb Code   142  system_stm32f10x.o(.text)
    NVIC_PriorityGroupConfig                 0x080004d9   Thumb Code    10  misc.o(.text)
    NVIC_Init                                0x080004e3   Thumb Code   102  misc.o(.text)
    NVIC_SetVectorTable                      0x08000549   Thumb Code    14  misc.o(.text)
    NVIC_SystemLPConfig                      0x08000557   Thumb Code    34  misc.o(.text)
    SysTick_CLKSourceConfig                  0x08000579   Thumb Code    40  misc.o(.text)
    GPIO_DeInit                              0x080005b5   Thumb Code   172  stm32f10x_gpio.o(.text)
    GPIO_AFIODeInit                          0x08000661   Thumb Code    20  stm32f10x_gpio.o(.text)
    GPIO_Init                                0x08000675   Thumb Code   274  stm32f10x_gpio.o(.text)
    GPIO_StructInit                          0x08000787   Thumb Code    16  stm32f10x_gpio.o(.text)
    GPIO_ReadInputDataBit                    0x08000797   Thumb Code    18  stm32f10x_gpio.o(.text)
    GPIO_ReadInputData                       0x080007a9   Thumb Code     8  stm32f10x_gpio.o(.text)
    GPIO_ReadOutputDataBit                   0x080007b1   Thumb Code    18  stm32f10x_gpio.o(.text)
    GPIO_ReadOutputData                      0x080007c3   Thumb Code     8  stm32f10x_gpio.o(.text)
    GPIO_SetBits                             0x080007cb   Thumb Code     4  stm32f10x_gpio.o(.text)
    GPIO_ResetBits                           0x080007cf   Thumb Code     4  stm32f10x_gpio.o(.text)
    GPIO_WriteBit                            0x080007d3   Thumb Code    10  stm32f10x_gpio.o(.text)
    GPIO_Write                               0x080007dd   Thumb Code     4  stm32f10x_gpio.o(.text)
    GPIO_PinLockConfig                       0x080007e1   Thumb Code    18  stm32f10x_gpio.o(.text)
    GPIO_EventOutputConfig                   0x080007f3   Thumb Code    26  stm32f10x_gpio.o(.text)
    GPIO_EventOutputCmd                      0x0800080d   Thumb Code     6  stm32f10x_gpio.o(.text)
    GPIO_PinRemapConfig                      0x08000813   Thumb Code   138  stm32f10x_gpio.o(.text)
    GPIO_EXTILineConfig                      0x0800089d   Thumb Code    66  stm32f10x_gpio.o(.text)
    GPIO_ETH_MediaInterfaceConfig            0x080008df   Thumb Code     6  stm32f10x_gpio.o(.text)
    RCC_DeInit                               0x0800090d   Thumb Code    64  stm32f10x_rcc.o(.text)
    RCC_HSEConfig                            0x0800094d   Thumb Code    70  stm32f10x_rcc.o(.text)
    RCC_GetFlagStatus                        0x08000993   Thumb Code    56  stm32f10x_rcc.o(.text)
    RCC_WaitForHSEStartUp                    0x080009cb   Thumb Code    56  stm32f10x_rcc.o(.text)
    RCC_AdjustHSICalibrationValue            0x08000a03   Thumb Code    20  stm32f10x_rcc.o(.text)
    RCC_HSICmd                               0x08000a17   Thumb Code     6  stm32f10x_rcc.o(.text)
    RCC_PLLConfig                            0x08000a1d   Thumb Code    24  stm32f10x_rcc.o(.text)
    RCC_PLLCmd                               0x08000a35   Thumb Code     6  stm32f10x_rcc.o(.text)
    RCC_SYSCLKConfig                         0x08000a3b   Thumb Code    18  stm32f10x_rcc.o(.text)
    RCC_GetSYSCLKSource                      0x08000a4d   Thumb Code    10  stm32f10x_rcc.o(.text)
    RCC_HCLKConfig                           0x08000a57   Thumb Code    18  stm32f10x_rcc.o(.text)
    RCC_PCLK1Config                          0x08000a69   Thumb Code    18  stm32f10x_rcc.o(.text)
    RCC_PCLK2Config                          0x08000a7b   Thumb Code    20  stm32f10x_rcc.o(.text)
    RCC_ITConfig                             0x08000a8f   Thumb Code    26  stm32f10x_rcc.o(.text)
    RCC_USBCLKConfig                         0x08000aa9   Thumb Code     6  stm32f10x_rcc.o(.text)
    RCC_ADCCLKConfig                         0x08000aaf   Thumb Code    18  stm32f10x_rcc.o(.text)
    RCC_LSEConfig                            0x08000ac1   Thumb Code    44  stm32f10x_rcc.o(.text)
    RCC_LSICmd                               0x08000aed   Thumb Code     6  stm32f10x_rcc.o(.text)
    RCC_RTCCLKConfig                         0x08000af3   Thumb Code    12  stm32f10x_rcc.o(.text)
    RCC_RTCCLKCmd                            0x08000aff   Thumb Code     8  stm32f10x_rcc.o(.text)
    RCC_GetClocksFreq                        0x08000b07   Thumb Code   192  stm32f10x_rcc.o(.text)
    RCC_AHBPeriphClockCmd                    0x08000bc7   Thumb Code    26  stm32f10x_rcc.o(.text)
    RCC_APB2PeriphClockCmd                   0x08000be1   Thumb Code    26  stm32f10x_rcc.o(.text)
    RCC_APB1PeriphClockCmd                   0x08000bfb   Thumb Code    26  stm32f10x_rcc.o(.text)
    RCC_APB2PeriphResetCmd                   0x08000c15   Thumb Code    26  stm32f10x_rcc.o(.text)
    RCC_APB1PeriphResetCmd                   0x08000c2f   Thumb Code    26  stm32f10x_rcc.o(.text)
    RCC_BackupResetCmd                       0x08000c49   Thumb Code     8  stm32f10x_rcc.o(.text)
    RCC_ClockSecuritySystemCmd               0x08000c51   Thumb Code     6  stm32f10x_rcc.o(.text)
    RCC_MCOConfig                            0x08000c57   Thumb Code     6  stm32f10x_rcc.o(.text)
    RCC_ClearFlag                            0x08000c5d   Thumb Code    14  stm32f10x_rcc.o(.text)
    RCC_GetITStatus                          0x08000c6b   Thumb Code    20  stm32f10x_rcc.o(.text)
    RCC_ClearITPendingBit                    0x08000c7f   Thumb Code     6  stm32f10x_rcc.o(.text)
    USART_DeInit                             0x08000cb5   Thumb Code   134  stm32f10x_usart.o(.text)
    USART_Init                               0x08000d3b   Thumb Code   210  stm32f10x_usart.o(.text)
    USART_StructInit                         0x08000e0d   Thumb Code    24  stm32f10x_usart.o(.text)
    USART_ClockInit                          0x08000e25   Thumb Code    34  stm32f10x_usart.o(.text)
    USART_ClockStructInit                    0x08000e47   Thumb Code    12  stm32f10x_usart.o(.text)
    USART_Cmd                                0x08000e53   Thumb Code    24  stm32f10x_usart.o(.text)
    USART_ITConfig                           0x08000e6b   Thumb Code    74  stm32f10x_usart.o(.text)
    USART_DMACmd                             0x08000eb5   Thumb Code    18  stm32f10x_usart.o(.text)
    USART_SetAddress                         0x08000ec7   Thumb Code    18  stm32f10x_usart.o(.text)
    USART_WakeUpConfig                       0x08000ed9   Thumb Code    18  stm32f10x_usart.o(.text)
    USART_ReceiverWakeUpCmd                  0x08000eeb   Thumb Code    24  stm32f10x_usart.o(.text)
    USART_LINBreakDetectLengthConfig         0x08000f03   Thumb Code    18  stm32f10x_usart.o(.text)
    USART_LINCmd                             0x08000f15   Thumb Code    24  stm32f10x_usart.o(.text)
    USART_SendData                           0x08000f2d   Thumb Code     8  stm32f10x_usart.o(.text)
    USART_ReceiveData                        0x08000f35   Thumb Code    10  stm32f10x_usart.o(.text)
    USART_SendBreak                          0x08000f3f   Thumb Code    10  stm32f10x_usart.o(.text)
    USART_SetGuardTime                       0x08000f49   Thumb Code    16  stm32f10x_usart.o(.text)
    USART_SetPrescaler                       0x08000f59   Thumb Code    16  stm32f10x_usart.o(.text)
    USART_SmartCardCmd                       0x08000f69   Thumb Code    24  stm32f10x_usart.o(.text)
    USART_SmartCardNACKCmd                   0x08000f81   Thumb Code    24  stm32f10x_usart.o(.text)
    USART_HalfDuplexCmd                      0x08000f99   Thumb Code    24  stm32f10x_usart.o(.text)
    USART_OverSampling8Cmd                   0x08000fb1   Thumb Code    22  stm32f10x_usart.o(.text)
    USART_OneBitMethodCmd                    0x08000fc7   Thumb Code    24  stm32f10x_usart.o(.text)
    USART_IrDAConfig                         0x08000fdf   Thumb Code    18  stm32f10x_usart.o(.text)
    USART_IrDACmd                            0x08000ff1   Thumb Code    24  stm32f10x_usart.o(.text)
    USART_GetFlagStatus                      0x08001009   Thumb Code    26  stm32f10x_usart.o(.text)
    USART_ClearFlag                          0x08001023   Thumb Code    18  stm32f10x_usart.o(.text)
    USART_GetITStatus                        0x08001035   Thumb Code    84  stm32f10x_usart.o(.text)
    USART_ClearITPendingBit                  0x08001089   Thumb Code    52  stm32f10x_usart.o(.text)
    SPI_I2S_DeInit                           0x080010bd   Thumb Code    76  stm32f10x_spi.o(.text)
    SPI_Init                                 0x08001109   Thumb Code    60  stm32f10x_spi.o(.text)
    I2S_Init                                 0x08001145   Thumb Code   226  stm32f10x_spi.o(.text)
    SPI_StructInit                           0x08001227   Thumb Code    24  stm32f10x_spi.o(.text)
    I2S_StructInit                           0x0800123f   Thumb Code    20  stm32f10x_spi.o(.text)
    SPI_Cmd                                  0x08001253   Thumb Code    24  stm32f10x_spi.o(.text)
    I2S_Cmd                                  0x0800126b   Thumb Code    24  stm32f10x_spi.o(.text)
    SPI_I2S_ITConfig                         0x08001283   Thumb Code    32  stm32f10x_spi.o(.text)
    SPI_I2S_DMACmd                           0x080012a3   Thumb Code    18  stm32f10x_spi.o(.text)
    SPI_I2S_SendData                         0x080012b5   Thumb Code     4  stm32f10x_spi.o(.text)
    SPI_I2S_ReceiveData                      0x080012b9   Thumb Code     6  stm32f10x_spi.o(.text)
    SPI_NSSInternalSoftwareConfig            0x080012bf   Thumb Code    30  stm32f10x_spi.o(.text)
    SPI_SSOutputCmd                          0x080012dd   Thumb Code    24  stm32f10x_spi.o(.text)
    SPI_DataSizeConfig                       0x080012f5   Thumb Code    18  stm32f10x_spi.o(.text)
    SPI_TransmitCRC                          0x08001307   Thumb Code    10  stm32f10x_spi.o(.text)
    SPI_CalculateCRC                         0x08001311   Thumb Code    24  stm32f10x_spi.o(.text)
    SPI_GetCRC                               0x08001329   Thumb Code    16  stm32f10x_spi.o(.text)
    SPI_GetCRCPolynomial                     0x08001339   Thumb Code     6  stm32f10x_spi.o(.text)
    SPI_BiDirectionalLineConfig              0x0800133f   Thumb Code    28  stm32f10x_spi.o(.text)
    SPI_I2S_GetFlagStatus                    0x0800135b   Thumb Code    18  stm32f10x_spi.o(.text)
    SPI_I2S_ClearFlag                        0x0800136d   Thumb Code     6  stm32f10x_spi.o(.text)
    SPI_I2S_GetITStatus                      0x08001373   Thumb Code    52  stm32f10x_spi.o(.text)
    SPI_I2S_ClearITPendingBit                0x080013a7   Thumb Code    20  stm32f10x_spi.o(.text)
    DMA_DeInit                               0x080013c9   Thumb Code   324  stm32f10x_dma.o(.text)
    DMA_Init                                 0x0800150d   Thumb Code    60  stm32f10x_dma.o(.text)
    DMA_StructInit                           0x08001549   Thumb Code    26  stm32f10x_dma.o(.text)
    DMA_Cmd                                  0x08001563   Thumb Code    24  stm32f10x_dma.o(.text)
    DMA_ITConfig                             0x0800157b   Thumb Code    18  stm32f10x_dma.o(.text)
    DMA_SetCurrDataCounter                   0x0800158d   Thumb Code     4  stm32f10x_dma.o(.text)
    DMA_GetCurrDataCounter                   0x08001591   Thumb Code     8  stm32f10x_dma.o(.text)
    DMA_GetFlagStatus                        0x08001599   Thumb Code    38  stm32f10x_dma.o(.text)
    DMA_ClearFlag                            0x080015bf   Thumb Code    22  stm32f10x_dma.o(.text)
    DMA_GetITStatus                          0x080015d5   Thumb Code    38  stm32f10x_dma.o(.text)
    DMA_ClearITPendingBit                    0x080015fb   Thumb Code    22  stm32f10x_dma.o(.text)
    PWR_DeInit                               0x08001619   Thumb Code    22  stm32f10x_pwr.o(.text)
    PWR_BackupAccessCmd                      0x0800162f   Thumb Code     6  stm32f10x_pwr.o(.text)
    PWR_PVDCmd                               0x08001635   Thumb Code     6  stm32f10x_pwr.o(.text)
    PWR_PVDLevelConfig                       0x0800163b   Thumb Code    18  stm32f10x_pwr.o(.text)
    PWR_WakeUpPinCmd                         0x0800164d   Thumb Code     6  stm32f10x_pwr.o(.text)
    PWR_EnterSTOPMode                        0x08001653   Thumb Code    54  stm32f10x_pwr.o(.text)
    PWR_EnterSTANDBYMode                     0x08001689   Thumb Code    42  stm32f10x_pwr.o(.text)
    PWR_GetFlagStatus                        0x080016b3   Thumb Code    20  stm32f10x_pwr.o(.text)
    PWR_ClearFlag                            0x080016c7   Thumb Code    14  stm32f10x_pwr.o(.text)
    RTC_ITConfig                             0x080016e5   Thumb Code    26  stm32f10x_rtc.o(.text)
    RTC_EnterConfigMode                      0x080016ff   Thumb Code    18  stm32f10x_rtc.o(.text)
    RTC_ExitConfigMode                       0x08001711   Thumb Code    20  stm32f10x_rtc.o(.text)
    RTC_GetCounter                           0x08001725   Thumb Code    18  stm32f10x_rtc.o(.text)
    RTC_SetCounter                           0x08001737   Thumb Code    26  stm32f10x_rtc.o(.text)
    RTC_SetPrescaler                         0x08001751   Thumb Code    28  stm32f10x_rtc.o(.text)
    RTC_SetAlarm                             0x0800176d   Thumb Code    26  stm32f10x_rtc.o(.text)
    RTC_GetDivider                           0x08001787   Thumb Code    22  stm32f10x_rtc.o(.text)
    RTC_WaitForLastTask                      0x0800179d   Thumb Code    16  stm32f10x_rtc.o(.text)
    RTC_WaitForSynchro                       0x080017ad   Thumb Code    34  stm32f10x_rtc.o(.text)
    RTC_GetFlagStatus                        0x080017cf   Thumb Code    22  stm32f10x_rtc.o(.text)
    RTC_ClearFlag                            0x080017e5   Thumb Code    16  stm32f10x_rtc.o(.text)
    RTC_GetITStatus                          0x080017f5   Thumb Code    32  stm32f10x_rtc.o(.text)
    RTC_ClearITPendingBit                    0x08001815   Thumb Code    16  stm32f10x_rtc.o(.text)
    BKP_DeInit                               0x08001829   Thumb Code    16  stm32f10x_bkp.o(.text)
    BKP_TamperPinLevelConfig                 0x08001839   Thumb Code     6  stm32f10x_bkp.o(.text)
    BKP_TamperPinCmd                         0x0800183f   Thumb Code     8  stm32f10x_bkp.o(.text)
    BKP_ITConfig                             0x08001847   Thumb Code     8  stm32f10x_bkp.o(.text)
    BKP_RTCOutputConfig                      0x0800184f   Thumb Code    22  stm32f10x_bkp.o(.text)
    BKP_SetRTCCalibrationValue               0x08001865   Thumb Code    22  stm32f10x_bkp.o(.text)
    BKP_WriteBackupRegister                  0x0800187b   Thumb Code    24  stm32f10x_bkp.o(.text)
    BKP_ReadBackupRegister                   0x08001893   Thumb Code    26  stm32f10x_bkp.o(.text)
    BKP_GetFlagStatus                        0x080018ad   Thumb Code    10  stm32f10x_bkp.o(.text)
    BKP_ClearFlag                            0x080018b7   Thumb Code    18  stm32f10x_bkp.o(.text)
    BKP_GetITStatus                          0x080018c9   Thumb Code    10  stm32f10x_bkp.o(.text)
    BKP_ClearITPendingBit                    0x080018d3   Thumb Code    18  stm32f10x_bkp.o(.text)
    CAN_DeInit                               0x080018ed   Thumb Code    50  stm32f10x_can.o(.text)
    CAN_Init                                 0x0800191f   Thumb Code   276  stm32f10x_can.o(.text)
    CAN_FilterInit                           0x08001a33   Thumb Code   258  stm32f10x_can.o(.text)
    CAN_StructInit                           0x08001b35   Thumb Code    32  stm32f10x_can.o(.text)
    CAN_SlaveStartBank                       0x08001b55   Thumb Code    48  stm32f10x_can.o(.text)
    CAN_DBGFreeze                            0x08001b85   Thumb Code    22  stm32f10x_can.o(.text)
    CAN_TTComModeCmd                         0x08001b9b   Thumb Code   118  stm32f10x_can.o(.text)
    CAN_Transmit                             0x08001c11   Thumb Code   304  stm32f10x_can.o(.text)
    CAN_TransmitStatus                       0x08001d41   Thumb Code   138  stm32f10x_can.o(.text)
    CAN_CancelTransmit                       0x08001dcb   Thumb Code    48  stm32f10x_can.o(.text)
    CAN_Receive                              0x08001dfb   Thumb Code   240  stm32f10x_can.o(.text)
    CAN_FIFORelease                          0x08001eeb   Thumb Code    22  stm32f10x_can.o(.text)
    CAN_MessagePending                       0x08001f01   Thumb Code    30  stm32f10x_can.o(.text)
    CAN_OperatingModeRequest                 0x08001f1f   Thumb Code   162  stm32f10x_can.o(.text)
    CAN_Sleep                                0x08001fc1   Thumb Code    30  stm32f10x_can.o(.text)
    CAN_WakeUp                               0x08001fdf   Thumb Code    48  stm32f10x_can.o(.text)
    CAN_GetLastErrorCode                     0x0800200f   Thumb Code    12  stm32f10x_can.o(.text)
    CAN_GetReceiveErrorCounter               0x0800201b   Thumb Code    10  stm32f10x_can.o(.text)
    CAN_GetLSBTransmitErrorCounter           0x08002025   Thumb Code    12  stm32f10x_can.o(.text)
    CAN_ITConfig                             0x08002031   Thumb Code    18  stm32f10x_can.o(.text)
    CAN_GetFlagStatus                        0x08002043   Thumb Code   120  stm32f10x_can.o(.text)
    CAN_ClearFlag                            0x080020bb   Thumb Code    52  stm32f10x_can.o(.text)
    CAN_GetITStatus                          0x080020ff   Thumb Code   308  stm32f10x_can.o(.text)
    CAN_ClearITPendingBit                    0x08002233   Thumb Code   162  stm32f10x_can.o(.text)
    TIM_REF_DelayTms                         0x080022d9   Thumb Code    18  mcu_board.o(.text)
    DRV_SPI_Init                             0x080022eb   Thumb Code    64  mcu_board.o(.text)
    PC_USART_Init                            0x0800232b   Thumb Code   228  mcu_board.o(.text)
    TIM_REF_Init                             0x0800240f   Thumb Code    82  mcu_board.o(.text)
    BUT_SEL_Init                             0x08002461   Thumb Code    30  mcu_board.o(.text)
    LED_PULSE_Init                           0x0800247f   Thumb Code    30  mcu_board.o(.text)
    MCU_BOARD_Init                           0x0800249d   Thumb Code    88  mcu_board.o(.text)
    MCU_ClockFreq_Init                       0x080024f5   Thumb Code    24  mcu_board.o(.text)
    BUT_SEL_IsPress                          0x0800250d   Thumb Code    18  mcu_board.o(.text)
    BUT_SEL_IsPress_Debounce                 0x0800251f   Thumb Code    28  mcu_board.o(.text)
    LED_PULSE_Set                            0x0800253b   Thumb Code    12  mcu_board.o(.text)
    LED_PULSE_Reset                          0x08002547   Thumb Code    12  mcu_board.o(.text)
    LED_PULSE_Toggle                         0x08002553   Thumb Code    18  mcu_board.o(.text)
    SysTick_Handler                          0x08002565   Thumb Code   138  mcu_board.o(.text)
    TIM_REF_SetCallback                      0x080025ef   Thumb Code    10  mcu_board.o(.text)
    PC_USART_ReadBytes                       0x080025f9   Thumb Code    40  mcu_board.o(.text)
    PC_USART_WriteBytes                      0x08002621   Thumb Code    40  mcu_board.o(.text)
    PC_USART_DMA_ReadBytes                   0x08002649   Thumb Code    24  mcu_board.o(.text)
    PC_USART_DMA_WriteBytes                  0x08002661   Thumb Code    58  mcu_board.o(.text)
    DMA1_Channel4_IRQHandler                 0x0800269b   Thumb Code   102  mcu_board.o(.text)
    DMA1_Channel5_IRQHandler                 0x08002701   Thumb Code    48  mcu_board.o(.text)
    MSDC_SPI_Init                            0x08002731   Thumb Code   176  mcu_board.o(.text)
    MSDC_SPI_CS_Low                          0x080027e1   Thumb Code    14  mcu_board.o(.text)
    MSDC_SPI_CS_High                         0x080027ef   Thumb Code    14  mcu_board.o(.text)
    MSDC_SPI_CLK_Low                         0x080027fd   Thumb Code    14  mcu_board.o(.text)
    MSDC_SPI_CLK_High                        0x0800280b   Thumb Code    20  mcu_board.o(.text)
    MSDC_SPI_ExchangeByte                    0x0800281f   Thumb Code    52  mcu_board.o(.text)
    MSDC_SPI_RecvByte                        0x08002853   Thumb Code    12  mcu_board.o(.text)
    MSDC_SPI_SendByte                        0x0800285f   Thumb Code    14  mcu_board.o(.text)
    RTC_Set                                  0x0800286d   Thumb Code   116  mcu_board.o(.text)
    RTC_Init                                 0x080028e1   Thumb Code   154  mcu_board.o(.text)
    RTC_AutoCalib                            0x0800297b   Thumb Code     2  mcu_board.o(.text)
    RTC_ManualCalib                          0x0800297d   Thumb Code     2  mcu_board.o(.text)
    RTC_Get                                  0x0800297f   Thumb Code    80  mcu_board.o(.text)
    RTC_UpdateDateTime                       0x080029cf   Thumb Code   624  mcu_board.o(.text)
    RTC_IRQHandler                           0x08002c3f   Thumb Code    62  mcu_board.o(.text)
    COMM_CAN_Init                            0x08002c7d   Thumb Code   224  mcu_board.o(.text)
    COMM_CAN_WriteBytes                      0x08002d5d   Thumb Code    72  mcu_board.o(.text)
    COMM_CAN_ReadBytes                       0x08002da5   Thumb Code    62  mcu_board.o(.text)
    USB_LP_CAN1_RX0_IRQHandler               0x08002de3   Thumb Code    74  mcu_board.o(.text)
    DRV_SPI_Eo                               0x08002e2d   Thumb Code    12  mcu_board.o(.text)
    DRV_SPI_WriteBytes                       0x08002e39   Thumb Code   116  mcu_board.o(.text)
    DRV_SPI_Do                               0x08002ead   Thumb Code    12  mcu_board.o(.text)
    disk_timerproc                           0x08002ed9   Thumb Code    30  sdcard.o(.text)
    SD_WaitForReady                          0x08002ef7   Thumb Code    38  sdcard.o(.text)
    SD_SendCommand                           0x08002f1d   Thumb Code   168  sdcard.o(.text)
    SD_SendACommand                          0x08002fc5   Thumb Code    50  sdcard.o(.text)
    SD_Init                                  0x08002ff7   Thumb Code   368  sdcard.o(.text)
    SD_RecvDataBlock                         0x08003167   Thumb Code    76  sdcard.o(.text)
    SD_ReadConfiguration                     0x080031b3   Thumb Code   450  sdcard.o(.text)
    SD_SendDataBlock                         0x08003375   Thumb Code   104  sdcard.o(.text)
    SD_WriteBytes                            0x080033dd   Thumb Code    64  sdcard.o(.text)
    SD_ReadBytes                             0x0800341d   Thumb Code   132  sdcard.o(.text)
    Array2Uint32                             0x080034b1   Thumb Code    24  utility.o(.text)
    Int2Str                                  0x080034c9   Thumb Code    90  utility.o(.text)
    DateTime2Str                             0x08003523   Thumb Code   440  utility.o(.text)
    VALVE_Init                               0x080036e1   Thumb Code    18  valve.o(.text)
    VALVE_SWrite                             0x080036f3   Thumb Code    18  valve.o(.text)
    VALVE_Test                               0x08003705   Thumb Code    72  valve.o(.text)
    VALVE_VSet                               0x0800374d   Thumb Code    66  valve.o(.text)
    VALVE_ISet                               0x0800378f   Thumb Code     6  valve.o(.text)
    VALVE_SSet                               0x08003795   Thumb Code    24  valve.o(.text)
    WAR_Write                                0x080037b1   Thumb Code    74  war.o(.text)
    WAR_DispImage                            0x080037fb   Thumb Code   514  war.o(.text)
    WAR_Test                                 0x080039fd   Thumb Code     2  war.o(.text)
    WAR_Disp_Pattern0                        0x080039ff   Thumb Code    62  war.o(.text)
    WAR_Disp_Pattern1                        0x08003a3d   Thumb Code    62  war.o(.text)
    WAR_Disp_Pattern2                        0x08003a7b   Thumb Code    62  war.o(.text)
    WAR_Disp_Pattern3                        0x08003ab9   Thumb Code    62  war.o(.text)
    WAR_Disp_Pattern4                        0x08003af7   Thumb Code    62  war.o(.text)
    WAR_Disp_Pattern5                        0x08003b35   Thumb Code    62  war.o(.text)
    WAR_Disp_Pattern6                        0x08003b73   Thumb Code    94  war.o(.text)
    WAR_Disp_Digit0                          0x08003bd1   Thumb Code    62  war.o(.text)
    WAR_Disp_Digit1                          0x08003c0f   Thumb Code    62  war.o(.text)
    WAR_Disp_Digit2                          0x08003c4d   Thumb Code    62  war.o(.text)
    WAR_Disp_Digit3                          0x08003c8b   Thumb Code    62  war.o(.text)
    WAR_Disp_Digit4                          0x08003cc9   Thumb Code    62  war.o(.text)
    WAR_Disp_Digit5                          0x08003d07   Thumb Code    62  war.o(.text)
    WAR_Disp_Digit6                          0x08003d45   Thumb Code    62  war.o(.text)
    WAR_Disp_Digit7                          0x08003d83   Thumb Code    62  war.o(.text)
    WAR_Disp_Digit8                          0x08003dc1   Thumb Code    66  war.o(.text)
    WAR_Disp_Digit9                          0x08003e03   Thumb Code    62  war.o(.text)
    WAR_Disp_Digit10                         0x08003e41   Thumb Code    66  war.o(.text)
    WAR_Disp_Digit11                         0x08003e83   Thumb Code    66  war.o(.text)
    WAR_Disp_Digit12                         0x08003ec5   Thumb Code    66  war.o(.text)
    WAR_Disp_Num0                            0x08003f07   Thumb Code    60  war.o(.text)
    WAR_Disp_Num1                            0x08003f43   Thumb Code    60  war.o(.text)
    WAR_Disp_Num2                            0x08003f7f   Thumb Code   122  war.o(.text)
    WAR_Disp_Num3                            0x08003ff9   Thumb Code    64  war.o(.text)
    WAR_Disp_Curve0                          0x08004039   Thumb Code    64  war.o(.text)
    WAR_Disp_Curve1                          0x08004079   Thumb Code    64  war.o(.text)
    WAR_Disp_Curve2                          0x080040b9   Thumb Code    64  war.o(.text)
    COM_BufferReset                          0x08004109   Thumb Code    62  com.o(.text)
    COM_Init                                 0x08004147   Thumb Code     8  com.o(.text)
    COM_BufferIsEmpty                        0x0800414f   Thumb Code    22  com.o(.text)
    COM_ReadFrame                            0x08004165   Thumb Code   212  com.o(.text)
    COM_SetReadInt                           0x08004239   Thumb Code    16  com.o(.text)
    COM_Response                             0x08004249   Thumb Code    28  com.o(.text)
    DIAG_Init                                0x08004281   Thumb Code     2  diag.o(.text)
    DIAG_Raise                               0x08004283   Thumb Code     2  diag.o(.text)
    MEM_Init                                 0x08004285   Thumb Code    66  mem.o(.text)
    MEM_Test                                 0x080042c7   Thumb Code     4  mem.o(.text)
    MEM_Read                                 0x080042cb   Thumb Code   220  mem.o(.text)
    MEM_Calib                                0x080043a7   Thumb Code   400  mem.o(.text)
    MEM_Write                                0x08004537   Thumb Code   218  mem.o(.text)
    APP_Init                                 0x0800461d   Thumb Code     2  app.o(.text)
    APP_RunScript                            0x0800461f   Thumb Code   362  app.o(.text)
    APP_Process                              0x08004789   Thumb Code   450  app.o(.text)
    APP_ConfigMode                           0x0800494b   Thumb Code    66  app.o(.text)
    APP_InteractMode                         0x0800498d   Thumb Code    56  app.o(.text)
    APP_BKPMode                              0x080049c5   Thumb Code    68  app.o(.text)
    APP_RunMode                              0x08004a09   Thumb Code    90  app.o(.text)
    __aeabi_memcpy4                          0x08004a91   Thumb Code     0  rt_memcpy_w.o(.text)
    __aeabi_memcpy8                          0x08004a91   Thumb Code     0  rt_memcpy_w.o(.text)
    __rt_memcpy_w                            0x08004a91   Thumb Code   100  rt_memcpy_w.o(.text)
    _memcpy_lastbytes_aligned                0x08004ad9   Thumb Code     0  rt_memcpy_w.o(.text)
    __use_two_region_memory                  0x08004af5   Thumb Code     2  heapauxi.o(.text)
    __rt_heap_escrow$2region                 0x08004af7   Thumb Code     2  heapauxi.o(.text)
    __rt_heap_expand$2region                 0x08004af9   Thumb Code     2  heapauxi.o(.text)
    __user_setup_stackheap                   0x08004afb   Thumb Code    74  sys_stackheap_outer.o(.text)
    exit                                     0x08004b45   Thumb Code    12  exit.o(.text)
    __user_libspace                          0x08004b51   Thumb Code     8  libspace.o(.text)
    __user_perproc_libspace                  0x08004b51   Thumb Code     0  libspace.o(.text)
    __user_perthread_libspace                0x08004b51   Thumb Code     0  libspace.o(.text)
    _sys_exit                                0x08004b59   Thumb Code     8  sys_exit.o(.text)
    __I$use$semihosting                      0x08004b65   Thumb Code     0  use_no_semi.o(.text)
    __use_no_semihosting_swi                 0x08004b65   Thumb Code     2  use_no_semi.o(.text)
    __semihosting_library_function           0x08004b67   Thumb Code     0  indicate_semi.o(.text)
    Region$$Table$$Base                      0x080079cc   Number         0  anon$$obj.o(Region$$Table)
    Region$$Table$$Limit                     0x080079ec   Number         0  anon$$obj.o(Region$$Table)
    spt_tmp                                  0x20000000   Data          23  main.o(.data)
    SystemState                              0x20000017   Data           1  main.o(.data)
    SystemNewState                           0x20000018   Data           1  main.o(.data)
    SystemCoreClock                          0x2000001c   Data           4  system_stm32f10x.o(.data)
    AHBPrescTable                            0x20000020   Data          16  system_stm32f10x.o(.data)
    tick_count                               0x20000044   Data           4  mcu_board.o(.data)
    TIM_REF_Tick1ms                          0x20000048   Data           4  mcu_board.o(.data)
    TIM_REF_Tick10ms                         0x2000004c   Data           4  mcu_board.o(.data)
    RTC_Int1sFlag                            0x20000050   Data           1  mcu_board.o(.data)
    COMM_CAN_RXFlag                          0x20000051   Data           1  mcu_board.o(.data)
    TIM_REF_Tick                             0x20000054   Data           4  mcu_board.o(.data)
    TIM_REF_FlagCallback                     0x20000058   Data           1  mcu_board.o(.data)
    DateTime                                 0x20000068   Data           7  mcu_board.o(.data)
    TIM_REF_Callback                         0x20000070   Data           4  mcu_board.o(.data)
    CardType                                 0x20000074   Data           1  sdcard.o(.data)
    WAR_DispList                             0x20000080   Data          52  war.o(.data)
    COM_FrameIsReady                         0x200000b5   Data           1  com.o(.data)
    MasterPassword                           0x200000b8   Data           4  app.o(.data)
    PC_USART_DMA_RxBuf                       0x200000c0   Data        5000  mcu_board.o(.bss)
    CardConfig                               0x20001448   Data          48  sdcard.o(.bss)
    VALVE_IData                              0x20001478   Data          64  valve.o(.bss)
    COM_Frame                                0x200014b8   Data          12  com.o(.bss)
    MEM_Buf                                  0x200014c4   Data         520  mem.o(.bss)
    MEM_Struct                               0x200016cc   Data          36  mem.o(.bss)
    APP_SptBuf                               0x200016f0   Data         512  app.o(.bss)
    APP_ImgBuf                               0x200018f0   Data        5100  app.o(.bss)
    __libspace_start                         0x20002cdc   Data          96  libspace.o(.bss)
    __temporary_stack_top$libspace           0x20002d3c   Data           0  libspace.o(.bss)



==============================================================================

Memory Map of the image

  Image Entry point : 0x080000ed

  Load Region LR_IROM1 (Base: 0x08000000, Size: 0x00007aac, Max: 0x00010000, ABSOLUTE)

    Execution Region ER_IROM1 (Base: 0x08000000, Size: 0x000079ec, Max: 0x00010000, ABSOLUTE)

    Base Addr    Size         Type   Attr      Idx    E Section Name        Object

    0x08000000   0x000000ec   Data   RO            3    RESET               startup_stm32f10x_md.o
    0x080000ec   0x00000008   Code   RO          641  * !!!main             c_w.l(__main.o)
    0x080000f4   0x00000034   Code   RO          795    !!!scatter          c_w.l(__scatter.o)
    0x08000128   0x0000001a   Code   RO          797    !!handler_copy      c_w.l(__scatter_copy.o)
    0x08000142   0x00000002   PAD
    0x08000144   0x0000001c   Code   RO          799    !!handler_zi        c_w.l(__scatter_zi.o)
    0x08000160   0x00000002   Code   RO          668    .ARM.Collect$$libinit$$00000000  c_w.l(libinit.o)
    0x08000162   0x00000000   Code   RO          675    .ARM.Collect$$libinit$$00000002  c_w.l(libinit2.o)
    0x08000162   0x00000000   Code   RO          678    .ARM.Collect$$libinit$$00000008  c_w.l(libinit2.o)
    0x08000162   0x00000000   Code   RO          680    .ARM.Collect$$libinit$$0000000A  c_w.l(libinit2.o)
    0x08000162   0x00000000   Code   RO          682    .ARM.Collect$$libinit$$0000000C  c_w.l(libinit2.o)
    0x08000162   0x00000000   Code   RO          685    .ARM.Collect$$libinit$$0000000F  c_w.l(libinit2.o)
    0x08000162   0x00000000   Code   RO          687    .ARM.Collect$$libinit$$00000011  c_w.l(libinit2.o)
    0x08000162   0x00000000   Code   RO          689    .ARM.Collect$$libinit$$00000013  c_w.l(libinit2.o)
    0x08000162   0x00000000   Code   RO          691    .ARM.Collect$$libinit$$00000015  c_w.l(libinit2.o)
    0x08000162   0x00000000   Code   RO          693    .ARM.Collect$$libinit$$00000017  c_w.l(libinit2.o)
    0x08000162   0x00000000   Code   RO          695    .ARM.Collect$$libinit$$00000019  c_w.l(libinit2.o)
    0x08000162   0x00000000   Code   RO          697    .ARM.Collect$$libinit$$0000001B  c_w.l(libinit2.o)
    0x08000162   0x00000000   Code   RO          699    .ARM.Collect$$libinit$$0000001D  c_w.l(libinit2.o)
    0x08000162   0x00000000   Code   RO          701    .ARM.Collect$$libinit$$0000001F  c_w.l(libinit2.o)
    0x08000162   0x00000000   Code   RO          703    .ARM.Collect$$libinit$$00000021  c_w.l(libinit2.o)
    0x08000162   0x00000000   Code   RO          705    .ARM.Collect$$libinit$$00000023  c_w.l(libinit2.o)
    0x08000162   0x00000000   Code   RO          709    .ARM.Collect$$libinit$$0000002A  c_w.l(libinit2.o)
    0x08000162   0x00000000   Code   RO          711    .ARM.Collect$$libinit$$0000002C  c_w.l(libinit2.o)
    0x08000162   0x00000000   Code   RO          713    .ARM.Collect$$libinit$$0000002E  c_w.l(libinit2.o)
    0x08000162   0x00000000   Code   RO          715    .ARM.Collect$$libinit$$00000030  c_w.l(libinit2.o)
    0x08000162   0x00000002   Code   RO          716    .ARM.Collect$$libinit$$00000031  c_w.l(libinit2.o)
    0x08000164   0x00000002   Code   RO          736    .ARM.Collect$$libshutdown$$00000000  c_w.l(libshutdown.o)
    0x08000166   0x00000000   Code   RO          750    .ARM.Collect$$libshutdown$$00000003  c_w.l(libshutdown2.o)
    0x08000166   0x00000000   Code   RO          753    .ARM.Collect$$libshutdown$$00000006  c_w.l(libshutdown2.o)
    0x08000166   0x00000000   Code   RO          756    .ARM.Collect$$libshutdown$$00000009  c_w.l(libshutdown2.o)
    0x08000166   0x00000000   Code   RO          758    .ARM.Collect$$libshutdown$$0000000B  c_w.l(libshutdown2.o)
    0x08000166   0x00000000   Code   RO          761    .ARM.Collect$$libshutdown$$0000000E  c_w.l(libshutdown2.o)
    0x08000166   0x00000002   Code   RO          762    .ARM.Collect$$libshutdown$$0000000F  c_w.l(libshutdown2.o)
    0x08000168   0x00000000   Code   RO          643    .ARM.Collect$$rtentry$$00000000  c_w.l(rtentry.o)
    0x08000168   0x00000000   Code   RO          645    .ARM.Collect$$rtentry$$00000002  c_w.l(rtentry2.o)
    0x08000168   0x00000006   Code   RO          657    .ARM.Collect$$rtentry$$00000004  c_w.l(rtentry4.o)
    0x0800016e   0x00000000   Code   RO          647    .ARM.Collect$$rtentry$$00000009  c_w.l(rtentry2.o)
    0x0800016e   0x00000004   Code   RO          648    .ARM.Collect$$rtentry$$0000000A  c_w.l(rtentry2.o)
    0x08000172   0x00000000   Code   RO          650    .ARM.Collect$$rtentry$$0000000C  c_w.l(rtentry2.o)
    0x08000172   0x00000008   Code   RO          651    .ARM.Collect$$rtentry$$0000000D  c_w.l(rtentry2.o)
    0x0800017a   0x00000002   Code   RO          672    .ARM.Collect$$rtexit$$00000000  c_w.l(rtexit.o)
    0x0800017c   0x00000000   Code   RO          718    .ARM.Collect$$rtexit$$00000002  c_w.l(rtexit2.o)
    0x0800017c   0x00000004   Code   RO          719    .ARM.Collect$$rtexit$$00000003  c_w.l(rtexit2.o)
    0x08000180   0x00000006   Code   RO          720    .ARM.Collect$$rtexit$$00000004  c_w.l(rtexit2.o)
    0x08000186   0x00000002   PAD
    0x08000188   0x00000040   Code   RO            4    .text               startup_stm32f10x_md.o
    0x080001c8   0x00000018   Code   RO           12    .text               stm32f10x_it.o
    0x080001e0   0x00000118   Code   RO           95    .text               main.o
    0x080002f8   0x000001e0   Code   RO          162    .text               system_stm32f10x.o
    0x080004d8   0x000000dc   Code   RO          188    .text               misc.o
    0x080005b4   0x00000358   Code   RO          208    .text               stm32f10x_gpio.o
    0x0800090c   0x000003a8   Code   RO          228    .text               stm32f10x_rcc.o
    0x08000cb4   0x00000408   Code   RO          270    .text               stm32f10x_usart.o
    0x080010bc   0x0000030c   Code   RO          290    .text               stm32f10x_spi.o
    0x080013c8   0x00000250   Code   RO          310    .text               stm32f10x_dma.o
    0x08001618   0x000000cc   Code   RO          330    .text               stm32f10x_pwr.o
    0x080016e4   0x00000144   Code   RO          350    .text               stm32f10x_rtc.o
    0x08001828   0x000000c4   Code   RO          370    .text               stm32f10x_bkp.o
    0x080018ec   0x000009ec   Code   RO          390    .text               stm32f10x_can.o
    0x080022d8   0x00000c00   Code   RO          410    .text               mcu_board.o
    0x08002ed8   0x000005d8   Code   RO          441    .text               sdcard.o
    0x080034b0   0x00000230   Code   RO          466    .text               utility.o
    0x080036e0   0x000000d0   Code   RO          482    .text               valve.o
    0x080037b0   0x00000958   Code   RO          508    .text               war.o
    0x08004108   0x00000178   Code   RO          535    .text               com.o
    0x08004280   0x00000004   Code   RO          562    .text               diag.o
    0x08004284   0x00000398   Code   RO          582    .text               mem.o
    0x0800461c   0x00000474   Code   RO          608    .text               app.o
    0x08004a90   0x00000064   Code   RO          637    .text               c_w.l(rt_memcpy_w.o)
    0x08004af4   0x00000006   Code   RO          639    .text               c_w.l(heapauxi.o)
    0x08004afa   0x0000004a   Code   RO          659    .text               c_w.l(sys_stackheap_outer.o)
    0x08004b44   0x0000000c   Code   RO          661    .text               c_w.l(exit.o)
    0x08004b50   0x00000008   Code   RO          669    .text               c_w.l(libspace.o)
    0x08004b58   0x0000000c   Code   RO          728    .text               c_w.l(sys_exit.o)
    0x08004b64   0x00000002   Code   RO          739    .text               c_w.l(use_no_semi.o)
    0x08004b66   0x00000000   Code   RO          741    .text               c_w.l(indicate_semi.o)
    0x08004b66   0x00000002   PAD
    0x08004b68   0x0000001c   Data   RO          467    .constdata          utility.o
    0x08004b84   0x00002e20   Data   RO          509    .constdata          war.o
    0x080079a4   0x00000005   Data   RO          610    .constdata          app.o
    0x080079a9   0x0000001c   Data   RO          468    .conststring        utility.o
    0x080079c5   0x00000005   Data   RO          611    .conststring        app.o
    0x080079ca   0x00000002   PAD
    0x080079cc   0x00000020   Data   RO          793    Region$$Table       anon$$obj.o


    Execution Region RW_IRAM1 (Base: 0x20000000, Size: 0x00004a98, Max: 0x00005000, ABSOLUTE)

    Base Addr    Size         Type   Attr      Idx    E Section Name        Object

    0x20000000   0x00000019   Data   RW           96    .data               main.o
    0x20000019   0x00000003   PAD
    0x2000001c   0x00000014   Data   RW          163    .data               system_stm32f10x.o
    0x20000030   0x00000014   Data   RW          229    .data               stm32f10x_rcc.o
    0x20000044   0x00000030   Data   RW          412    .data               mcu_board.o
    0x20000074   0x0000000c   Data   RW          443    .data               sdcard.o
    0x20000080   0x00000034   Data   RW          510    .data               war.o
    0x200000b4   0x00000002   Data   RW          537    .data               com.o
    0x200000b6   0x00000002   PAD
    0x200000b8   0x00000006   Data   RW          612    .data               app.o
    0x200000be   0x00000002   PAD
    0x200000c0   0x00001388   Zero   RW          411    .bss                mcu_board.o
    0x20001448   0x00000030   Zero   RW          442    .bss                sdcard.o
    0x20001478   0x00000040   Zero   RW          483    .bss                valve.o
    0x200014b8   0x0000000c   Zero   RW          536    .bss                com.o
    0x200014c4   0x0000022c   Zero   RW          583    .bss                mem.o
    0x200016f0   0x000015ec   Zero   RW          609    .bss                app.o
    0x20002cdc   0x00000060   Zero   RW          670    .bss                c_w.l(libspace.o)
    0x20002d3c   0x00000004   PAD
    0x20002d40   0x00000200   Zero   RW            2    HEAP                startup_stm32f10x_md.o
    0x20002f40   0x00001b58   Zero   RW            1    STACK               startup_stm32f10x_md.o


==============================================================================

Image component sizes


      Code (inc. data)   RO Data    RW Data    ZI Data      Debug   Object Name

      1140         56         10          6       5612       3500   app.o
       376         28          0          2         12       1772   com.o
         4          0          0          0          0        559   diag.o
       280         14          0         25          0       3744   main.o
      3072        122          0         48       5000      32685   mcu_board.o
       920         28          0          0        556       2686   mem.o
       220         20          0          0          0       1785   misc.o
      1496         32          0         12         48       6288   sdcard.o
        64         26        236          0       7512        836   startup_stm32f10x_md.o
       196          8          0          0          0       3444   stm32f10x_bkp.o
      2540         38          0          0          0       7840   stm32f10x_can.o
       592          8          0          0          0       4310   stm32f10x_dma.o
       856         40          0          0          0       5629   stm32f10x_gpio.o
        24          0          0          0          0     256886   stm32f10x_it.o
       204         16          0          0          0       1911   stm32f10x_pwr.o
       936         48          0         20          0       8792   stm32f10x_rcc.o
       324          4          0          0          0       2658   stm32f10x_rtc.o
       780         14          0          0          0       6510   stm32f10x_spi.o
      1032         22          0          0          0       8352   stm32f10x_usart.o
       480         40          0         20          0       1787   system_stm32f10x.o
       560          6         56          0          0       1752   utility.o
       208          4          0          0         64       1856   valve.o
      2392        110      11808         52          0      10607   war.o

    ----------------------------------------------------------------------
     18696        684      12144        192      18804     376189   Object Totals
         0          0         32          0          0          0   (incl. Generated)
         0          0          2          7          0          0   (incl. Padding)

    ----------------------------------------------------------------------

      Code (inc. data)   RO Data    RW Data    ZI Data      Debug   Library Member Name

         8          0          0          0          0         68   __main.o
        52          8          0          0          0          0   __scatter.o
        26          0          0          0          0          0   __scatter_copy.o
        28          0          0          0          0          0   __scatter_zi.o
        12          0          0          0          0         72   exit.o
         6          0          0          0          0        152   heapauxi.o
         0          0          0          0          0          0   indicate_semi.o
         2          0          0          0          0          0   libinit.o
         2          0          0          0          0          0   libinit2.o
         2          0          0          0          0          0   libshutdown.o
         2          0          0          0          0          0   libshutdown2.o
         8          4          0          0         96         68   libspace.o
       100          0          0          0          0         80   rt_memcpy_w.o
         0          0          0          0          0          0   rtentry.o
        12          0          0          0          0          0   rtentry2.o
         6          0          0          0          0          0   rtentry4.o
         2          0          0          0          0          0   rtexit.o
        10          0          0          0          0          0   rtexit2.o
        12          4          0          0          0         68   sys_exit.o
        74          0          0          0          0         80   sys_stackheap_outer.o
         2          0          0          0          0         68   use_no_semi.o

    ----------------------------------------------------------------------
       372         16          0          0        100        656   Library Totals
         6          0          0          0          4          0   (incl. Padding)

    ----------------------------------------------------------------------

      Code (inc. data)   RO Data    RW Data    ZI Data      Debug   Library Name

       366         16          0          0         96        656   c_w.l

    ----------------------------------------------------------------------
       372         16          0          0        100        656   Library Totals

    ----------------------------------------------------------------------

==============================================================================


      Code (inc. data)   RO Data    RW Data    ZI Data      Debug   

     19068        700      12144        192      18904     373829   Grand Totals
     19068        700      12144        192      18904     373829   ELF Image Totals
     19068        700      12144        192          0          0   ROM Totals

==============================================================================

    Total RO  Size (Code + RO Data)                31212 (  30.48kB)
    Total RW  Size (RW Data + ZI Data)             19096 (  18.65kB)
    Total ROM Size (Code + RO Data + RW Data)      31404 (  30.67kB)

==============================================================================

